Archive member included to satisfy reference by file (symbol)

C:/STM32/STM32CubeIDE/STM32CubeIDE/plugins/com.st.stm32cube.ide.mcu.externaltools.gnu-tools-for-stm32.11.3.rel1.win32_1.1.0.202305231506/tools/bin/../lib/gcc/arm-none-eabi/11.3.1/../../../../arm-none-eabi/lib/thumb/v7e-m+fp/hard\libc_nano.a(libc_a-exit.o)
                              C:/STM32/STM32CubeIDE/STM32CubeIDE/plugins/com.st.stm32cube.ide.mcu.externaltools.gnu-tools-for-stm32.11.3.rel1.win32_1.1.0.202305231506/tools/bin/../lib/gcc/arm-none-eabi/11.3.1/../../../../arm-none-eabi/lib/thumb/v7e-m+fp/hard/crt0.o (exit)
C:/STM32/STM32CubeIDE/STM32CubeIDE/plugins/com.st.stm32cube.ide.mcu.externaltools.gnu-tools-for-stm32.11.3.rel1.win32_1.1.0.202305231506/tools/bin/../lib/gcc/arm-none-eabi/11.3.1/../../../../arm-none-eabi/lib/thumb/v7e-m+fp/hard\libc_nano.a(libc_a-rand.o)
                              ./Core/Src/main.o (srand)
C:/STM32/STM32CubeIDE/STM32CubeIDE/plugins/com.st.stm32cube.ide.mcu.externaltools.gnu-tools-for-stm32.11.3.rel1.win32_1.1.0.202305231506/tools/bin/../lib/gcc/arm-none-eabi/11.3.1/../../../../arm-none-eabi/lib/thumb/v7e-m+fp/hard\libc_nano.a(libc_a-findfp.o)
                              C:/STM32/STM32CubeIDE/STM32CubeIDE/plugins/com.st.stm32cube.ide.mcu.externaltools.gnu-tools-for-stm32.11.3.rel1.win32_1.1.0.202305231506/tools/bin/../lib/gcc/arm-none-eabi/11.3.1/../../../../arm-none-eabi/lib/thumb/v7e-m+fp/hard\libc_nano.a(libc_a-exit.o) (__stdio_exit_handler)
C:/STM32/STM32CubeIDE/STM32CubeIDE/plugins/com.st.stm32cube.ide.mcu.externaltools.gnu-tools-for-stm32.11.3.rel1.win32_1.1.0.202305231506/tools/bin/../lib/gcc/arm-none-eabi/11.3.1/../../../../arm-none-eabi/lib/thumb/v7e-m+fp/hard\libc_nano.a(libc_a-fwalk.o)
                              C:/STM32/STM32CubeIDE/STM32CubeIDE/plugins/com.st.stm32cube.ide.mcu.externaltools.gnu-tools-for-stm32.11.3.rel1.win32_1.1.0.202305231506/tools/bin/../lib/gcc/arm-none-eabi/11.3.1/../../../../arm-none-eabi/lib/thumb/v7e-m+fp/hard\libc_nano.a(libc_a-findfp.o) (_fwalk_sglue)
C:/STM32/STM32CubeIDE/STM32CubeIDE/plugins/com.st.stm32cube.ide.mcu.externaltools.gnu-tools-for-stm32.11.3.rel1.win32_1.1.0.202305231506/tools/bin/../lib/gcc/arm-none-eabi/11.3.1/../../../../arm-none-eabi/lib/thumb/v7e-m+fp/hard\libc_nano.a(libc_a-stdio.o)
                              C:/STM32/STM32CubeIDE/STM32CubeIDE/plugins/com.st.stm32cube.ide.mcu.externaltools.gnu-tools-for-stm32.11.3.rel1.win32_1.1.0.202305231506/tools/bin/../lib/gcc/arm-none-eabi/11.3.1/../../../../arm-none-eabi/lib/thumb/v7e-m+fp/hard\libc_nano.a(libc_a-findfp.o) (__sread)
C:/STM32/STM32CubeIDE/STM32CubeIDE/plugins/com.st.stm32cube.ide.mcu.externaltools.gnu-tools-for-stm32.11.3.rel1.win32_1.1.0.202305231506/tools/bin/../lib/gcc/arm-none-eabi/11.3.1/../../../../arm-none-eabi/lib/thumb/v7e-m+fp/hard\libc_nano.a(libc_a-memset.o)
                              C:/STM32/STM32CubeIDE/STM32CubeIDE/plugins/com.st.stm32cube.ide.mcu.externaltools.gnu-tools-for-stm32.11.3.rel1.win32_1.1.0.202305231506/tools/bin/../lib/gcc/arm-none-eabi/11.3.1/../../../../arm-none-eabi/lib/thumb/v7e-m+fp/hard/crt0.o (memset)
C:/STM32/STM32CubeIDE/STM32CubeIDE/plugins/com.st.stm32cube.ide.mcu.externaltools.gnu-tools-for-stm32.11.3.rel1.win32_1.1.0.202305231506/tools/bin/../lib/gcc/arm-none-eabi/11.3.1/../../../../arm-none-eabi/lib/thumb/v7e-m+fp/hard\libc_nano.a(libc_a-closer.o)
                              C:/STM32/STM32CubeIDE/STM32CubeIDE/plugins/com.st.stm32cube.ide.mcu.externaltools.gnu-tools-for-stm32.11.3.rel1.win32_1.1.0.202305231506/tools/bin/../lib/gcc/arm-none-eabi/11.3.1/../../../../arm-none-eabi/lib/thumb/v7e-m+fp/hard\libc_nano.a(libc_a-stdio.o) (_close_r)
C:/STM32/STM32CubeIDE/STM32CubeIDE/plugins/com.st.stm32cube.ide.mcu.externaltools.gnu-tools-for-stm32.11.3.rel1.win32_1.1.0.202305231506/tools/bin/../lib/gcc/arm-none-eabi/11.3.1/../../../../arm-none-eabi/lib/thumb/v7e-m+fp/hard\libc_nano.a(libc_a-reent.o)
                              C:/STM32/STM32CubeIDE/STM32CubeIDE/plugins/com.st.stm32cube.ide.mcu.externaltools.gnu-tools-for-stm32.11.3.rel1.win32_1.1.0.202305231506/tools/bin/../lib/gcc/arm-none-eabi/11.3.1/../../../../arm-none-eabi/lib/thumb/v7e-m+fp/hard\libc_nano.a(libc_a-closer.o) (errno)
C:/STM32/STM32CubeIDE/STM32CubeIDE/plugins/com.st.stm32cube.ide.mcu.externaltools.gnu-tools-for-stm32.11.3.rel1.win32_1.1.0.202305231506/tools/bin/../lib/gcc/arm-none-eabi/11.3.1/../../../../arm-none-eabi/lib/thumb/v7e-m+fp/hard\libc_nano.a(libc_a-impure.o)
                              C:/STM32/STM32CubeIDE/STM32CubeIDE/plugins/com.st.stm32cube.ide.mcu.externaltools.gnu-tools-for-stm32.11.3.rel1.win32_1.1.0.202305231506/tools/bin/../lib/gcc/arm-none-eabi/11.3.1/../../../../arm-none-eabi/lib/thumb/v7e-m+fp/hard\libc_nano.a(libc_a-rand.o) (_impure_ptr)
[...]
Memory Configuration

Name             Origin             Length             Attributes
CCMRAM           0x0000000010000000 0x0000000000010000 xrw
RAM              0x0000000020000000 0x0000000000030000 xrw
FLASH            0x0000000008000000 0x0000000000200000 xr
*default*        0x0000000000000000 0xffffffffffffffff

Linker script and memory map

LOAD C:/STM32/STM32CubeIDE/STM32CubeIDE/plugins/com.st.stm32cube.ide.mcu.externaltools.gnu-tools-for-stm32.11.3.rel1.win32_1.1.0.202305231506/tools/bin/../lib/gcc/arm-none-eabi/11.3.1/thumb/v7e-m+fp/hard/crti.o
LOAD C:/STM32/STM32CubeIDE/STM32CubeIDE/plugins/com.st.stm32cube.ide.mcu.externaltools.gnu-tools-for-stm32.11.3.rel1.win32_1.1.0.202305231506/tools/bin/../lib/gcc/arm-none-eabi/11.3.1/thumb/v7e-m+fp/hard/crtbegin.o
LOAD C:/STM32/STM32CubeIDE/STM32CubeIDE/plugins/com.st.stm32cube.ide.mcu.externaltools.gnu-tools-for-stm32.11.3.rel1.win32_1.1.0.202305231506/tools/bin/../lib/gcc/arm-none-eabi/11.3.1/../../../../arm-none-eabi/lib/thumb/v7e-m+fp/hard/crt0.o
LOAD ./Core/Src/main.o
LOAD ./Core/Src/stm32f4xx_hal_msp.o
LOAD ./Core/Src/stm32f4xx_it.o
LOAD ./Core/Src/syscalls.o
LOAD ./Core/Src/sysmem.o
LOAD ./Core/Src/system_stm32f4xx.o
LOAD ./Core/Startup/startup_stm32f439zitx.o
LOAD ./Drivers/STM32F4xx_HAL_Driver/Src/stm32f4xx_hal.o
LOAD ./Drivers/STM32F4xx_HAL_Driver/Src/stm32f4xx_hal_cortex.o
LOAD ./Drivers/STM32F4xx_HAL_Driver/Src/stm32f4xx_hal_dma.o
LOAD ./Drivers/STM32F4xx_HAL_Driver/Src/stm32f4xx_hal_dma_ex.o
LOAD ./Drivers/STM32F4xx_HAL_Driver/Src/stm32f4xx_hal_exti.o
LOAD ./Drivers/STM32F4xx_HAL_Driver/Src/stm32f4xx_hal_flash.o
LOAD ./Drivers/STM32F4xx_HAL_Driver/Src/stm32f4xx_hal_flash_ex.o
LOAD ./Drivers/STM32F4xx_HAL_Driver/Src/stm32f4xx_hal_flash_ramfunc.o
LOAD ./Drivers/STM32F4xx_HAL_Driver/Src/stm32f4xx_hal_gpio.o
LOAD ./Drivers/STM32F4xx_HAL_Driver/Src/stm32f4xx_hal_pwr.o
LOAD ./Drivers/STM32F4xx_HAL_Driver/Src/stm32f4xx_hal_pwr_ex.o
LOAD ./Drivers/STM32F4xx_HAL_Driver/Src/stm32f4xx_hal_rcc.o
LOAD ./Drivers/STM32F4xx_HAL_Driver/Src/stm32f4xx_hal_rcc_ex.o
LOAD ./Drivers/STM32F4xx_HAL_Driver/Src/stm32f4xx_hal_sdram.o
LOAD ./Drivers/STM32F4xx_HAL_Driver/Src/stm32f4xx_hal_tim.o
LOAD ./Drivers/STM32F4xx_HAL_Driver/Src/stm32f4xx_hal_tim_ex.o
LOAD ./Drivers/STM32F4xx_HAL_Driver/Src/stm32f4xx_ll_fmc.o
START GROUP
LOAD C:/STM32/STM32CubeIDE/STM32CubeIDE/plugins/com.st.stm32cube.ide.mcu.externaltools.gnu-tools-for-stm32.11.3.rel1.win32_1.1.0.202305231506/tools/bin/../lib/gcc/arm-none-eabi/11.3.1/../../../../arm-none-eabi/lib/thumb/v7e-m+fp/hard\libc_nano.a
LOAD C:/STM32/STM32CubeIDE/STM32CubeIDE/plugins/com.st.stm32cube.ide.mcu.externaltools.gnu-tools-for-stm32.11.3.rel1.win32_1.1.0.202305231506/tools/bin/../lib/gcc/arm-none-eabi/11.3.1/../../../../arm-none-eabi/lib/thumb/v7e-m+fp/hard\libm.a
END GROUP
START GROUP
LOAD C:/STM32/STM32CubeIDE/STM32CubeIDE/plugins/com.st.stm32cube.ide.mcu.externaltools.gnu-tools-for-stm32.11.3.rel1.win32_1.1.0.202305231506/tools/bin/../lib/gcc/arm-none-eabi/11.3.1/thumb/v7e-m+fp/hard\libgcc.a
LOAD C:/STM32/STM32CubeIDE/STM32CubeIDE/plugins/com.st.stm32cube.ide.mcu.externaltools.gnu-tools-for-stm32.11.3.rel1.win32_1.1.0.202305231506/tools/bin/../lib/gcc/arm-none-eabi/11.3.1/../../../../arm-none-eabi/lib/thumb/v7e-m+fp/hard\libc_nano.a
END GROUP
START GROUP
LOAD C:/STM32/STM32CubeIDE/STM32CubeIDE/plugins/com.st.stm32cube.ide.mcu.externaltools.gnu-tools-for-stm32.11.3.rel1.win32_1.1.0.202305231506/tools/bin/../lib/gcc/arm-none-eabi/11.3.1/thumb/v7e-m+fp/hard\libgcc.a
LOAD C:/STM32/STM32CubeIDE/STM32CubeIDE/plugins/com.st.stm32cube.ide.mcu.externaltools.gnu-tools-for-stm32.11.3.rel1.win32_1.1.0.202305231506/tools/bin/../lib/gcc/arm-none-eabi/11.3.1/../../../../arm-none-eabi/lib/thumb/v7e-m+fp/hard\libc_nano.a
LOAD C:/STM32/STM32CubeIDE/STM32CubeIDE/plugins/com.st.stm32cube.ide.mcu.externaltools.gnu-tools-for-stm32.11.3.rel1.win32_1.1.0.202305231506/tools/bin/../lib/gcc/arm-none-eabi/11.3.1/../../../../arm-none-eabi/lib/thumb/v7e-m+fp/hard\libnosys.a
END GROUP
START GROUP
LOAD C:/STM32/STM32CubeIDE/STM32CubeIDE/plugins/com.st.stm32cube.ide.mcu.externaltools.gnu-tools-for-stm32.11.3.rel1.win32_1.1.0.202305231506/tools/bin/../lib/gcc/arm-none-eabi/11.3.1/thumb/v7e-m+fp/hard\libgcc.a
LOAD C:/STM32/STM32CubeIDE/STM32CubeIDE/plugins/com.st.stm32cube.ide.mcu.externaltools.gnu-tools-for-stm32.11.3.rel1.win32_1.1.0.202305231506/tools/bin/../lib/gcc/arm-none-eabi/11.3.1/../../../../arm-none-eabi/lib/thumb/v7e-m+fp/hard\libc_nano.a
LOAD C:/STM32/STM32CubeIDE/STM32CubeIDE/plugins/com.st.stm32cube.ide.mcu.externaltools.gnu-tools-for-stm32.11.3.rel1.win32_1.1.0.202305231506/tools/bin/../lib/gcc/arm-none-eabi/11.3.1/../../../../arm-none-eabi/lib/thumb/v7e-m+fp/hard\libnosys.a
END GROUP
LOAD C:/STM32/STM32CubeIDE/STM32CubeIDE/plugins/com.st.stm32cube.ide.mcu.externaltools.gnu-tools-for-stm32.11.3.rel1.win32_1.1.0.202305231506/tools/bin/../lib/gcc/arm-none-eabi/11.3.1/thumb/v7e-m+fp/hard/crtend.o
LOAD C:/STM32/STM32CubeIDE/STM32CubeIDE/plugins/com.st.stm32cube.ide.mcu.externaltools.gnu-tools-for-stm32.11.3.rel1.win32_1.1.0.202305231506/tools/bin/../lib/gcc/arm-none-eabi/11.3.1/thumb/v7e-m+fp/hard/crtn.o
                0x0000000020030000                _estack = (ORIGIN (RAM) + LENGTH (RAM))
                0x0000000000000200                _Min_Heap_Size = 0x200
                0x0000000000000400                _Min_Stack_Size = 0x400

.isr_vector     0x0000000008000000      0x1ac
                0x0000000008000000                . = ALIGN (0x4)
 *(.isr_vector)
 .isr_vector    0x0000000008000000      0x1ac ./Core/Startup/startup_stm32f439zitx.o
                0x0000000008000000                g_pfnVectors
                0x00000000080001ac                . = ALIGN (0x4)

.text           0x00000000080001b0     0x2e9c
                0x00000000080001b0                . = ALIGN (0x4)
 *(.text)
 .text          0x00000000080001b0       0x40 C:/STM32/STM32CubeIDE/STM32CubeIDE/plugins/com.st.stm32cube.ide.mcu.externaltools.gnu-tools-for-stm32.11.3.rel1.win32_1.1.0.202305231506/tools/bin/../lib/gcc/arm-none-eabi/11.3.1/thumb/v7e-m+fp/hard/crtbegin.o
 .text          0x00000000080001f0       0xa0 C:/STM32/STM32CubeIDE/STM32CubeIDE/plugins/com.st.stm32cube.ide.mcu.externaltools.gnu-tools-for-stm32.11.3.rel1.win32_1.1.0.202305231506/tools/bin/../lib/gcc/arm-none-eabi/11.3.1/../../../../arm-none-eabi/lib/thumb/v7e-m+fp/hard\libc_nano.a(libc_a-memchr.o)
                0x00000000080001f0                memchr
 .text          0x0000000008000290       0x30 C:/STM32/STM32CubeIDE/STM32CubeIDE/plugins/com.st.stm32cube.ide.mcu.externaltools.gnu-tools-for-stm32.11.3.rel1.win32_1.1.0.202305231506/tools/bin/../lib/gcc/arm-none-eabi/11.3.1/thumb/v7e-m+fp/hard\libgcc.a(_aeabi_uldivmod.o)
                0x0000000008000290                __aeabi_uldivmod
 .text          0x00000000080002c0      0x2c8 C:/STM32/STM32CubeIDE/STM32CubeIDE/plugins/com.st.stm32cube.ide.mcu.externaltools.gnu-tools-for-stm32.11.3.rel1.win32_1.1.0.202305231506/tools/bin/../lib/gcc/arm-none-eabi/11.3.1/thumb/v7e-m+fp/hard\libgcc.a(_udivmoddi4.o)
                0x00000000080002c0                __udivmoddi4
 .text          0x0000000008000588        0x4 C:/STM32/STM32CubeIDE/STM32CubeIDE/plugins/com.st.stm32cube.ide.mcu.externaltools.gnu-tools-for-stm32.11.3.rel1.win32_1.1.0.202305231506/tools/bin/../lib/gcc/arm-none-eabi/11.3.1/thumb/v7e-m+fp/hard\libgcc.a(_dvmd_tls.o)
                0x0000000008000588                __aeabi_idiv0
                0x0000000008000588                __aeabi_ldiv0
 *(.text*)
 .text.main     0x000000000800058c      0x198 ./Core/Src/main.o
                0x000000000800058c                main
 .text.SystemClock_Config
                0x0000000008000724       0xc4 ./Core/Src/main.o
                0x0000000008000724                SystemClock_Config
 .text.MX_FMC_Init
                0x00000000080007e8      0x114 ./Core/Src/main.o
 .text.GPIO_Init
                0x00000000080008fc      0x1dc ./Core/Src/main.o
 .text.HAL_MspInit
                0x0000000008000ad8       0x50 ./Core/Src/stm32f4xx_hal_msp.o
                0x0000000008000ad8                HAL_MspInit
 .text.HAL_FMC_MspInit
                0x0000000008000b28        0xe ./Core/Src/stm32f4xx_hal_msp.o
 .text.HAL_SDRAM_MspInit
                0x0000000008000b36       0x14 ./Core/Src/stm32f4xx_hal_msp.o
                0x0000000008000b36                HAL_SDRAM_MspInit
 .text.NMI_Handler
                0x0000000008000b4a        0x6 ./Core/Src/stm32f4xx_it.o
                0x0000000008000b4a                NMI_Handler
 .text.HardFault_Handler
                0x0000000008000b50        0x6 ./Core/Src/stm32f4xx_it.o
                0x0000000008000b50                HardFault_Handler
 .text.MemManage_Handler
                0x0000000008000b56        0x6 ./Core/Src/stm32f4xx_it.o
                0x0000000008000b56                MemManage_Handler
 .text.BusFault_Handler
                0x0000000008000b5c        0x6 ./Core/Src/stm32f4xx_it.o
                0x0000000008000b5c                BusFault_Handler
 .text.UsageFault_Handler
                0x0000000008000b62        0x6 ./Core/Src/stm32f4xx_it.o
                0x0000000008000b62                UsageFault_Handler
 .text.SVC_Handler
                0x0000000008000b68        0xe ./Core/Src/stm32f4xx_it.o
                0x0000000008000b68                SVC_Handler
 .text.DebugMon_Handler
                0x0000000008000b76        0xe ./Core/Src/stm32f4xx_it.o
                0x0000000008000b76                DebugMon_Handler
 .text.PendSV_Handler
                0x0000000008000b84        0xe ./Core/Src/stm32f4xx_it.o
                0x0000000008000b84                PendSV_Handler
 .text.SysTick_Handler
                0x0000000008000b92        0xc ./Core/Src/stm32f4xx_it.o
                0x0000000008000b92                SysTick_Handler
 .text._getpid  0x0000000008000b9e       0x10 ./Core/Src/syscalls.o
                0x0000000008000b9e                _getpid
 .text._kill    0x0000000008000bae       0x20 ./Core/Src/syscalls.o
                0x0000000008000bae                _kill
 .text._exit    0x0000000008000bce       0x14 ./Core/Src/syscalls.o
                0x0000000008000bce                _exit
 .text._read    0x0000000008000be2       0x3a ./Core/Src/syscalls.o
                0x0000000008000be2                _read
 .text._write   0x0000000008000c1c       0x38 ./Core/Src/syscalls.o
                0x0000000008000c1c                _write
 .text._close   0x0000000008000c54       0x18 ./Core/Src/syscalls.o
                0x0000000008000c54                _close
 .text._fstat   0x0000000008000c6c       0x20 ./Core/Src/syscalls.o
                0x0000000008000c6c                _fstat
 .text._isatty  0x0000000008000c8c       0x16 ./Core/Src/syscalls.o
                0x0000000008000c8c                _isatty
 .text._lseek   0x0000000008000ca2       0x1a ./Core/Src/syscalls.o
                0x0000000008000ca2                _lseek
 .text._sbrk    0x0000000008000cbc       0x6c ./Core/Src/sysmem.o
                0x0000000008000cbc                _sbrk
 .text.SystemInit
                0x0000000008000d28       0x24 ./Core/Src/system_stm32f4xx.o
                0x0000000008000d28                SystemInit
 .text.Reset_Handler
                0x0000000008000d4c       0x50 ./Core/Startup/startup_stm32f439zitx.o
                0x0000000008000d4c                Reset_Handler
 .text.Default_Handler
                0x0000000008000d9c        0x2 ./Core/Startup/startup_stm32f439zitx.o
                0x0000000008000d9c                RTC_Alarm_IRQHandler
                0x0000000008000d9c                HASH_RNG_IRQHandler
                0x0000000008000d9c                EXTI2_IRQHandler
                0x0000000008000d9c                TIM8_CC_IRQHandler
                0x0000000008000d9c                UART8_IRQHandler
                0x0000000008000d9c                SPI4_IRQHandler
                0x0000000008000d9c                TIM1_CC_IRQHandler
                0x0000000008000d9c                DMA2_Stream5_IRQHandler
                0x0000000008000d9c                DMA1_Stream5_IRQHandler
                0x0000000008000d9c                PVD_IRQHandler
                0x0000000008000d9c                SDIO_IRQHandler
                0x0000000008000d9c                TAMP_STAMP_IRQHandler
                0x0000000008000d9c                CAN2_RX1_IRQHandler
                0x0000000008000d9c                EXTI3_IRQHandler
                0x0000000008000d9c                TIM8_TRG_COM_TIM14_IRQHandler
                0x0000000008000d9c                TIM1_UP_TIM10_IRQHandler
                0x0000000008000d9c                TIM8_UP_TIM13_IRQHandler
                0x0000000008000d9c                I2C3_ER_IRQHandler
                0x0000000008000d9c                EXTI0_IRQHandler
                0x0000000008000d9c                I2C2_EV_IRQHandler
                0x0000000008000d9c                DMA1_Stream2_IRQHandler
                0x0000000008000d9c                CAN1_RX0_IRQHandler
                0x0000000008000d9c                FPU_IRQHandler
                0x0000000008000d9c                OTG_HS_WKUP_IRQHandler
                0x0000000008000d9c                LTDC_ER_IRQHandler
                0x0000000008000d9c                CAN2_SCE_IRQHandler
                0x0000000008000d9c                DMA2_Stream2_IRQHandler
                0x0000000008000d9c                SPI1_IRQHandler
                0x0000000008000d9c                TIM6_DAC_IRQHandler
                0x0000000008000d9c                TIM1_BRK_TIM9_IRQHandler
                0x0000000008000d9c                DCMI_IRQHandler
                0x0000000008000d9c                CAN2_RX0_IRQHandler
                0x0000000008000d9c                DMA2_Stream3_IRQHandler
                0x0000000008000d9c                USART6_IRQHandler
                0x0000000008000d9c                USART3_IRQHandler
                0x0000000008000d9c                CRYP_IRQHandler
                0x0000000008000d9c                CAN1_RX1_IRQHandler
                0x0000000008000d9c                UART5_IRQHandler
                0x0000000008000d9c                DMA2_Stream0_IRQHandler
                0x0000000008000d9c                TIM4_IRQHandler
                0x0000000008000d9c                I2C1_EV_IRQHandler
                0x0000000008000d9c                DMA1_Stream6_IRQHandler
                0x0000000008000d9c                DMA1_Stream1_IRQHandler
                0x0000000008000d9c                UART4_IRQHandler
                0x0000000008000d9c                TIM3_IRQHandler
                0x0000000008000d9c                RCC_IRQHandler
                0x0000000008000d9c                TIM8_BRK_TIM12_IRQHandler
                0x0000000008000d9c                Default_Handler
                0x0000000008000d9c                EXTI15_10_IRQHandler
                0x0000000008000d9c                ADC_IRQHandler
                0x0000000008000d9c                DMA1_Stream7_IRQHandler
                0x0000000008000d9c                SPI5_IRQHandler
                0x0000000008000d9c                TIM7_IRQHandler
                0x0000000008000d9c                CAN2_TX_IRQHandler
                0x0000000008000d9c                TIM5_IRQHandler
                0x0000000008000d9c                DMA2_Stream7_IRQHandler
                0x0000000008000d9c                I2C3_EV_IRQHandler
                0x0000000008000d9c                EXTI9_5_IRQHandler
                0x0000000008000d9c                RTC_WKUP_IRQHandler
                0x0000000008000d9c                LTDC_IRQHandler
                0x0000000008000d9c                ETH_WKUP_IRQHandler
                0x0000000008000d9c                SPI2_IRQHandler
                0x0000000008000d9c                OTG_HS_EP1_IN_IRQHandler
                0x0000000008000d9c                DMA1_Stream0_IRQHandler
                0x0000000008000d9c                CAN1_TX_IRQHandler
                0x0000000008000d9c                EXTI4_IRQHandler
                0x0000000008000d9c                ETH_IRQHandler
                0x0000000008000d9c                OTG_HS_EP1_OUT_IRQHandler
                0x0000000008000d9c                WWDG_IRQHandler
                0x0000000008000d9c                SPI6_IRQHandler
                0x0000000008000d9c                TIM2_IRQHandler
                0x0000000008000d9c                OTG_FS_WKUP_IRQHandler
                0x0000000008000d9c                TIM1_TRG_COM_TIM11_IRQHandler
                0x0000000008000d9c                OTG_HS_IRQHandler
                0x0000000008000d9c                DMA2D_IRQHandler
                0x0000000008000d9c                EXTI1_IRQHandler
                0x0000000008000d9c                UART7_IRQHandler
                0x0000000008000d9c                USART2_IRQHandler
                0x0000000008000d9c                I2C2_ER_IRQHandler
                0x0000000008000d9c                DMA2_Stream1_IRQHandler
                0x0000000008000d9c                CAN1_SCE_IRQHandler
                0x0000000008000d9c                FLASH_IRQHandler
                0x0000000008000d9c                DMA2_Stream4_IRQHandler
                0x0000000008000d9c                USART1_IRQHandler
                0x0000000008000d9c                OTG_FS_IRQHandler
                0x0000000008000d9c                SPI3_IRQHandler
                0x0000000008000d9c                DMA1_Stream4_IRQHandler
                0x0000000008000d9c                I2C1_ER_IRQHandler
                0x0000000008000d9c                FMC_IRQHandler
                0x0000000008000d9c                DMA2_Stream6_IRQHandler
                0x0000000008000d9c                SAI1_IRQHandler
                0x0000000008000d9c                DMA1_Stream3_IRQHandler
 *fill*         0x0000000008000d9e        0x2 
 .text.HAL_Init
                0x0000000008000da0       0x44 ./Drivers/STM32F4xx_HAL_Driver/Src/stm32f4xx_hal.o
                0x0000000008000da0                HAL_Init
 .text.HAL_InitTick
                0x0000000008000de4       0x60 ./Drivers/STM32F4xx_HAL_Driver/Src/stm32f4xx_hal.o
                0x0000000008000de4                HAL_InitTick
 .text.HAL_IncTick
                0x0000000008000e44       0x28 ./Drivers/STM32F4xx_HAL_Driver/Src/stm32f4xx_hal.o
                0x0000000008000e44                HAL_IncTick
 .text.HAL_GetTick
                0x0000000008000e6c       0x18 ./Drivers/STM32F4xx_HAL_Driver/Src/stm32f4xx_hal.o
                0x0000000008000e6c                HAL_GetTick
 .text.HAL_Delay
                0x0000000008000e84       0x48 ./Drivers/STM32F4xx_HAL_Driver/Src/stm32f4xx_hal.o
                0x0000000008000e84                HAL_Delay
 .text.__NVIC_SetPriorityGrouping
                0x0000000008000ecc       0x48 ./Drivers/STM32F4xx_HAL_Driver/Src/stm32f4xx_hal_cortex.o
 .text.__NVIC_GetPriorityGrouping
                0x0000000008000f14       0x1c ./Drivers/STM32F4xx_HAL_Driver/Src/stm32f4xx_hal_cortex.o
 .text.__NVIC_SetPriority
                0x0000000008000f30       0x54 ./Drivers/STM32F4xx_HAL_Driver/Src/stm32f4xx_hal_cortex.o
 .text.NVIC_EncodePriority
                0x0000000008000f84       0x66 ./Drivers/STM32F4xx_HAL_Driver/Src/stm32f4xx_hal_cortex.o
 *fill*         0x0000000008000fea        0x2 
 .text.SysTick_Config
                0x0000000008000fec       0x44 ./Drivers/STM32F4xx_HAL_Driver/Src/stm32f4xx_hal_cortex.o
 .text.HAL_NVIC_SetPriorityGrouping
                0x0000000008001030       0x16 ./Drivers/STM32F4xx_HAL_Driver/Src/stm32f4xx_hal_cortex.o
                0x0000000008001030                HAL_NVIC_SetPriorityGrouping
 .text.HAL_NVIC_SetPriority
                0x0000000008001046       0x38 ./Drivers/STM32F4xx_HAL_Driver/Src/stm32f4xx_hal_cortex.o
                0x0000000008001046                HAL_NVIC_SetPriority
 .text.HAL_SYSTICK_Config
                0x000000000800107e       0x18 ./Drivers/STM32F4xx_HAL_Driver/Src/stm32f4xx_hal_cortex.o
                0x000000000800107e                HAL_SYSTICK_Config
 *fill*         0x0000000008001096        0x2 
 .text.HAL_GPIO_Init
                0x0000000008001098      0x358 ./Drivers/STM32F4xx_HAL_Driver/Src/stm32f4xx_hal_gpio.o
                0x0000000008001098                HAL_GPIO_Init
 .text.HAL_PWREx_EnableOverDrive
                0x00000000080013f0       0xa0 ./Drivers/STM32F4xx_HAL_Driver/Src/stm32f4xx_hal_pwr_ex.o
                0x00000000080013f0                HAL_PWREx_EnableOverDrive
 .text.HAL_RCC_OscConfig
                0x0000000008001490      0x4f0 ./Drivers/STM32F4xx_HAL_Driver/Src/stm32f4xx_hal_rcc.o
                0x0000000008001490                HAL_RCC_OscConfig
 .text.HAL_RCC_ClockConfig
                0x0000000008001980      0x1cc ./Drivers/STM32F4xx_HAL_Driver/Src/stm32f4xx_hal_rcc.o
                0x0000000008001980                HAL_RCC_ClockConfig
 .text.HAL_RCC_GetSysClockFreq
                0x0000000008001b4c      0x20c ./Drivers/STM32F4xx_HAL_Driver/Src/stm32f4xx_hal_rcc.o
                0x0000000008001b4c                HAL_RCC_GetSysClockFreq
 .text.HAL_SDRAM_Init
                0x0000000008001d58       0x68 ./Drivers/STM32F4xx_HAL_Driver/Src/stm32f4xx_hal_sdram.o
                0x0000000008001d58                HAL_SDRAM_Init
 .text.HAL_SDRAM_SendCommand
                0x0000000008001dc0       0x6a ./Drivers/STM32F4xx_HAL_Driver/Src/stm32f4xx_hal_sdram.o
                0x0000000008001dc0                HAL_SDRAM_SendCommand
 .text.HAL_SDRAM_ProgramRefreshRate
                0x0000000008001e2a       0x50 ./Drivers/STM32F4xx_HAL_Driver/Src/stm32f4xx_hal_sdram.o
                0x0000000008001e2a                HAL_SDRAM_ProgramRefreshRate
 .text.FMC_SDRAM_Init
                0x0000000008001e7a       0xba ./Drivers/STM32F4xx_HAL_Driver/Src/stm32f4xx_ll_fmc.o
                0x0000000008001e7a                FMC_SDRAM_Init
 .text.FMC_SDRAM_Timing_Init
                0x0000000008001f34       0xd2 ./Drivers/STM32F4xx_HAL_Driver/Src/stm32f4xx_ll_fmc.o
                0x0000000008001f34                FMC_SDRAM_Timing_Init
 .text.FMC_SDRAM_SendCommand
                0x0000000008002006       0x7a ./Drivers/STM32F4xx_HAL_Driver/Src/stm32f4xx_ll_fmc.o
                0x0000000008002006                FMC_SDRAM_SendCommand
 .text.FMC_SDRAM_ProgramRefreshRate
                0x0000000008002080       0x2e ./Drivers/STM32F4xx_HAL_Driver/Src/stm32f4xx_ll_fmc.o
                0x0000000008002080                FMC_SDRAM_ProgramRefreshRate
 *fill*         0x00000000080020ae        0x2 
 .text.srand    0x00000000080020b0       0x5c C:/STM32/STM32CubeIDE/STM32CubeIDE/plugins/com.st.stm32cube.ide.mcu.externaltools.gnu-tools-for-stm32.11.3.rel1.win32_1.1.0.202305231506/tools/bin/../lib/gcc/arm-none-eabi/11.3.1/../../../../arm-none-eabi/lib/thumb/v7e-m+fp/hard\libc_nano.a(libc_a-rand.o)
                0x00000000080020b0                srand
 .text.std      0x000000000800210c       0x48 C:/STM32/STM32CubeIDE/STM32CubeIDE/plugins/com.st.stm32cube.ide.mcu.externaltools.gnu-tools-for-stm32.11.3.rel1.win32_1.1.0.202305231506/tools/bin/../lib/gcc/arm-none-eabi/11.3.1/../../../../arm-none-eabi/lib/thumb/v7e-m+fp/hard\libc_nano.a(libc_a-findfp.o)
 .text.stdio_exit_handler
                0x0000000008002154       0x18 C:/STM32/STM32CubeIDE/STM32CubeIDE/plugins/com.st.stm32cube.ide.mcu.externaltools.gnu-tools-for-stm32.11.3.rel1.win32_1.1.0.202305231506/tools/bin/../lib/gcc/arm-none-eabi/11.3.1/../../../../arm-none-eabi/lib/thumb/v7e-m+fp/hard\libc_nano.a(libc_a-findfp.o)
 .text.cleanup_stdio
                0x000000000800216c       0x40 C:/STM32/STM32CubeIDE/STM32CubeIDE/plugins/com.st.stm32cube.ide.mcu.externaltools.gnu-tools-for-stm32.11.3.rel1.win32_1.1.0.202305231506/tools/bin/../lib/gcc/arm-none-eabi/11.3.1/../../../../arm-none-eabi/lib/thumb/v7e-m+fp/hard\libc_nano.a(libc_a-findfp.o)
 .text.global_stdio_init.part.0
                0x00000000080021ac       0x3c C:/STM32/STM32CubeIDE/STM32CubeIDE/plugins/com.st.stm32cube.ide.mcu.externaltools.gnu-tools-for-stm32.11.3.rel1.win32_1.1.0.202305231506/tools/bin/../lib/gcc/arm-none-eabi/11.3.1/../../../../arm-none-eabi/lib/thumb/v7e-m+fp/hard\libc_nano.a(libc_a-findfp.o)
 .text.__sfp_lock_acquire
                0x00000000080021e8        0xc C:/STM32/STM32CubeIDE/STM32CubeIDE/plugins/com.st.stm32cube.ide.mcu.externaltools.gnu-tools-for-stm32.11.3.rel1.win32_1.1.0.202305231506/tools/bin/../lib/gcc/arm-none-eabi/11.3.1/../../../../arm-none-eabi/lib/thumb/v7e-m+fp/hard\libc_nano.a(libc_a-findfp.o)
                0x00000000080021e8                __sfp_lock_acquire
 .text.__sfp_lock_release
                0x00000000080021f4        0xc C:/STM32/STM32CubeIDE/STM32CubeIDE/plugins/com.st.stm32cube.ide.mcu.externaltools.gnu-tools-for-stm32.11.3.rel1.win32_1.1.0.202305231506/tools/bin/../lib/gcc/arm-none-eabi/11.3.1/../../../../arm-none-eabi/lib/thumb/v7e-m+fp/hard\libc_nano.a(libc_a-findfp.o)
                0x00000000080021f4                __sfp_lock_release
 .text.__sinit  0x0000000008002200       0x30 C:/STM32/STM32CubeIDE/STM32CubeIDE/plugins/com.st.stm32cube.ide.mcu.externaltools.gnu-tools-for-stm32.11.3.rel1.win32_1.1.0.202305231506/tools/bin/../lib/gcc/arm-none-eabi/11.3.1/../../../../arm-none-eabi/lib/thumb/v7e-m+fp/hard\libc_nano.a(libc_a-findfp.o)
                0x0000000008002200                __sinit
 .text._fwalk_sglue
                0x0000000008002230       0x3c C:/STM32/STM32CubeIDE/STM32CubeIDE/plugins/com.st.stm32cube.ide.mcu.externaltools.gnu-tools-for-stm32.11.3.rel1.win32_1.1.0.202305231506/tools/bin/../lib/gcc/arm-none-eabi/11.3.1/../../../../arm-none-eabi/lib/thumb/v7e-m+fp/hard\libc_nano.a(libc_a-fwalk.o)
                0x0000000008002230                _fwalk_sglue
 .text.__sread  0x000000000800226c       0x22 C:/STM32/STM32CubeIDE/STM32CubeIDE/plugins/com.st.stm32cube.ide.mcu.externaltools.gnu-tools-for-stm32.11.3.rel1.win32_1.1.0.202305231506/tools/bin/../lib/gcc/arm-none-eabi/11.3.1/../../../../arm-none-eabi/lib/thumb/v7e-m+fp/hard\libc_nano.a(libc_a-stdio.o)
                0x000000000800226c                __sread
 .text.__swrite
                0x000000000800228e       0x38 C:/STM32/STM32CubeIDE/STM32CubeIDE/plugins/com.st.stm32cube.ide.mcu.externaltools.gnu-tools-for-stm32.11.3.rel1.win32_1.1.0.202305231506/tools/bin/../lib/gcc/arm-none-eabi/11.3.1/../../../../arm-none-eabi/lib/thumb/v7e-m+fp/hard\libc_nano.a(libc_a-stdio.o)
                0x000000000800228e                __swrite
 .text.__sseek  0x00000000080022c6       0x24 C:/STM32/STM32CubeIDE/STM32CubeIDE/plugins/com.st.stm32cube.ide.mcu.externaltools.gnu-tools-for-stm32.11.3.rel1.win32_1.1.0.202305231506/tools/bin/../lib/gcc/arm-none-eabi/11.3.1/../../../../arm-none-eabi/lib/thumb/v7e-m+fp/hard\libc_nano.a(libc_a-stdio.o)
                0x00000000080022c6                __sseek
 .text.__sclose
                0x00000000080022ea        0x8 C:/STM32/STM32CubeIDE/STM32CubeIDE/plugins/com.st.stm32cube.ide.mcu.externaltools.gnu-tools-for-stm32.11.3.rel1.win32_1.1.0.202305231506/tools/bin/../lib/gcc/arm-none-eabi/11.3.1/../../../../arm-none-eabi/lib/thumb/v7e-m+fp/hard\libc_nano.a(libc_a-stdio.o)
                0x00000000080022ea                __sclose
 .text.memset   0x00000000080022f2       0x10 C:/STM32/STM32CubeIDE/STM32CubeIDE/plugins/com.st.stm32cube.ide.mcu.externaltools.gnu-tools-for-stm32.11.3.rel1.win32_1.1.0.202305231506/tools/bin/../lib/gcc/arm-none-eabi/11.3.1/../../../../arm-none-eabi/lib/thumb/v7e-m+fp/hard\libc_nano.a(libc_a-memset.o)
                0x00000000080022f2                memset
 *fill*         0x0000000008002302        0x2 
 .text._close_r
                0x0000000008002304       0x20 C:/STM32/STM32CubeIDE/STM32CubeIDE/plugins/com.st.stm32cube.ide.mcu.externaltools.gnu-tools-for-stm32.11.3.rel1.win32_1.1.0.202305231506/tools/bin/../lib/gcc/arm-none-eabi/11.3.1/../../../../arm-none-eabi/lib/thumb/v7e-m+fp/hard\libc_nano.a(libc_a-closer.o)
                0x0000000008002304                _close_r
 .text._lseek_r
                0x0000000008002324       0x24 C:/STM32/STM32CubeIDE/STM32CubeIDE/plugins/com.st.stm32cube.ide.mcu.externaltools.gnu-tools-for-stm32.11.3.rel1.win32_1.1.0.202305231506/tools/bin/../lib/gcc/arm-none-eabi/11.3.1/../../../../arm-none-eabi/lib/thumb/v7e-m+fp/hard\libc_nano.a(libc_a-lseekr.o)
                0x0000000008002324                _lseek_r
 .text._read_r  0x0000000008002348       0x24 C:/STM32/STM32CubeIDE/STM32CubeIDE/plugins/com.st.stm32cube.ide.mcu.externaltools.gnu-tools-for-stm32.11.3.rel1.win32_1.1.0.202305231506/tools/bin/../lib/gcc/arm-none-eabi/11.3.1/../../../../arm-none-eabi/lib/thumb/v7e-m+fp/hard\libc_nano.a(libc_a-readr.o)
                0x0000000008002348                _read_r
 .text._write_r
                0x000000000800236c       0x24 C:/STM32/STM32CubeIDE/STM32CubeIDE/plugins/com.st.stm32cube.ide.mcu.externaltools.gnu-tools-for-stm32.11.3.rel1.win32_1.1.0.202305231506/tools/bin/../lib/gcc/arm-none-eabi/11.3.1/../../../../arm-none-eabi/lib/thumb/v7e-m+fp/hard\libc_nano.a(libc_a-writer.o)
                0x000000000800236c                _write_r
 .text.__errno  0x0000000008002390        0xc C:/STM32/STM32CubeIDE/STM32CubeIDE/plugins/com.st.stm32cube.ide.mcu.externaltools.gnu-tools-for-stm32.11.3.rel1.win32_1.1.0.202305231506/tools/bin/../lib/gcc/arm-none-eabi/11.3.1/../../../../arm-none-eabi/lib/thumb/v7e-m+fp/hard\libc_nano.a(libc_a-errno.o)
                0x0000000008002390                __errno
 .text.__libc_init_array
                0x000000000800239c       0x48 C:/STM32/STM32CubeIDE/STM32CubeIDE/plugins/com.st.stm32cube.ide.mcu.externaltools.gnu-tools-for-stm32.11.3.rel1.win32_1.1.0.202305231506/tools/bin/../lib/gcc/arm-none-eabi/11.3.1/../../../../arm-none-eabi/lib/thumb/v7e-m+fp/hard\libc_nano.a(libc_a-init.o)
                0x000000000800239c                __libc_init_array
 .text.__retarget_lock_acquire_recursive
                0x00000000080023e4        0x2 C:/STM32/STM32CubeIDE/STM32CubeIDE/plugins/com.st.stm32cube.ide.mcu.externaltools.gnu-tools-for-stm32.11.3.rel1.win32_1.1.0.202305231506/tools/bin/../lib/gcc/arm-none-eabi/11.3.1/../../../../arm-none-eabi/lib/thumb/v7e-m+fp/hard\libc_nano.a(libc_a-lock.o)
                0x00000000080023e4                __retarget_lock_acquire_recursive
 .text.__retarget_lock_release_recursive
                0x00000000080023e6        0x2 C:/STM32/STM32CubeIDE/STM32CubeIDE/plugins/com.st.stm32cube.ide.mcu.externaltools.gnu-tools-for-stm32.11.3.rel1.win32_1.1.0.202305231506/tools/bin/../lib/gcc/arm-none-eabi/11.3.1/../../../../arm-none-eabi/lib/thumb/v7e-m+fp/hard\libc_nano.a(libc_a-lock.o)
                0x00000000080023e6                __retarget_lock_release_recursive
 .text.__assert_func
                0x00000000080023e8       0x3c C:/STM32/STM32CubeIDE/STM32CubeIDE/plugins/com.st.stm32cube.ide.mcu.externaltools.gnu-tools-for-stm32.11.3.rel1.win32_1.1.0.202305231506/tools/bin/../lib/gcc/arm-none-eabi/11.3.1/../../../../arm-none-eabi/lib/thumb/v7e-m+fp/hard\libc_nano.a(libc_a-assert.o)
                0x00000000080023e8                __assert_func
 .text._free_r  0x0000000008002424       0x98 C:/STM32/STM32CubeIDE/STM32CubeIDE/plugins/com.st.stm32cube.ide.mcu.externaltools.gnu-tools-for-stm32.11.3.rel1.win32_1.1.0.202305231506/tools/bin/../lib/gcc/arm-none-eabi/11.3.1/../../../../arm-none-eabi/lib/thumb/v7e-m+fp/hard\libc_nano.a(libc_a-freer.o)
                0x0000000008002424                _free_r
 .text.malloc   0x00000000080024bc       0x10 C:/STM32/STM32CubeIDE/STM32CubeIDE/plugins/com.st.stm32cube.ide.mcu.externaltools.gnu-tools-for-stm32.11.3.rel1.win32_1.1.0.202305231506/tools/bin/../lib/gcc/arm-none-eabi/11.3.1/../../../../arm-none-eabi/lib/thumb/v7e-m+fp/hard\libc_nano.a(libc_a-malloc.o)
                0x00000000080024bc                malloc
 .text.sbrk_aligned
                0x00000000080024cc       0x40 C:/STM32/STM32CubeIDE/STM32CubeIDE/plugins/com.st.stm32cube.ide.mcu.externaltools.gnu-tools-for-stm32.11.3.rel1.win32_1.1.0.202305231506/tools/bin/../lib/gcc/arm-none-eabi/11.3.1/../../../../arm-none-eabi/lib/thumb/v7e-m+fp/hard\libc_nano.a(libc_a-mallocr.o)
 .text._malloc_r
                0x000000000800250c      0x100 C:/STM32/STM32CubeIDE/STM32CubeIDE/plugins/com.st.stm32cube.ide.mcu.externaltools.gnu-tools-for-stm32.11.3.rel1.win32_1.1.0.202305231506/tools/bin/../lib/gcc/arm-none-eabi/11.3.1/../../../../arm-none-eabi/lib/thumb/v7e-m+fp/hard\libc_nano.a(libc_a-mallocr.o)
                0x000000000800250c                _malloc_r
 .text.__malloc_lock
                0x000000000800260c        0xc C:/STM32/STM32CubeIDE/STM32CubeIDE/plugins/com.st.stm32cube.ide.mcu.externaltools.gnu-tools-for-stm32.11.3.rel1.win32_1.1.0.202305231506/tools/bin/../lib/gcc/arm-none-eabi/11.3.1/../../../../arm-none-eabi/lib/thumb/v7e-m+fp/hard\libc_nano.a(libc_a-mlock.o)
                0x000000000800260c                __malloc_lock
 .text.__malloc_unlock
                0x0000000008002618        0xc C:/STM32/STM32CubeIDE/STM32CubeIDE/plugins/com.st.stm32cube.ide.mcu.externaltools.gnu-tools-for-stm32.11.3.rel1.win32_1.1.0.202305231506/tools/bin/../lib/gcc/arm-none-eabi/11.3.1/../../../../arm-none-eabi/lib/thumb/v7e-m+fp/hard\libc_nano.a(libc_a-mlock.o)
                0x0000000008002618                __malloc_unlock
 .text.__sflush_r
                0x0000000008002624      0x10c C:/STM32/STM32CubeIDE/STM32CubeIDE/plugins/com.st.stm32cube.ide.mcu.externaltools.gnu-tools-for-stm32.11.3.rel1.win32_1.1.0.202305231506/tools/bin/../lib/gcc/arm-none-eabi/11.3.1/../../../../arm-none-eabi/lib/thumb/v7e-m+fp/hard\libc_nano.a(libc_a-fflush.o)
                0x0000000008002624                __sflush_r
 .text._fflush_r
                0x0000000008002730       0x50 C:/STM32/STM32CubeIDE/STM32CubeIDE/plugins/com.st.stm32cube.ide.mcu.externaltools.gnu-tools-for-stm32.11.3.rel1.win32_1.1.0.202305231506/tools/bin/../lib/gcc/arm-none-eabi/11.3.1/../../../../arm-none-eabi/lib/thumb/v7e-m+fp/hard\libc_nano.a(libc_a-fflush.o)
                0x0000000008002730                _fflush_r
 .text.fprintf  0x0000000008002780       0x24 C:/STM32/STM32CubeIDE/STM32CubeIDE/plugins/com.st.stm32cube.ide.mcu.externaltools.gnu-tools-for-stm32.11.3.rel1.win32_1.1.0.202305231506/tools/bin/../lib/gcc/arm-none-eabi/11.3.1/../../../../arm-none-eabi/lib/thumb/v7e-m+fp/hard\libc_nano.a(libc_a-fprintf.o)
                0x0000000008002780                fiprintf
                0x0000000008002780                fprintf
 .text._sbrk_r  0x00000000080027a4       0x20 C:/STM32/STM32CubeIDE/STM32CubeIDE/plugins/com.st.stm32cube.ide.mcu.externaltools.gnu-tools-for-stm32.11.3.rel1.win32_1.1.0.202305231506/tools/bin/../lib/gcc/arm-none-eabi/11.3.1/../../../../arm-none-eabi/lib/thumb/v7e-m+fp/hard\libc_nano.a(libc_a-sbrkr.o)
                0x00000000080027a4                _sbrk_r
 .text.abort    0x00000000080027c4        0xe C:/STM32/STM32CubeIDE/STM32CubeIDE/plugins/com.st.stm32cube.ide.mcu.externaltools.gnu-tools-for-stm32.11.3.rel1.win32_1.1.0.202305231506/tools/bin/../lib/gcc/arm-none-eabi/11.3.1/../../../../arm-none-eabi/lib/thumb/v7e-m+fp/hard\libc_nano.a(libc_a-abort.o)
                0x00000000080027c4                abort
 .text.__sfputc_r
                0x00000000080027d2       0x2e C:/STM32/STM32CubeIDE/STM32CubeIDE/plugins/com.st.stm32cube.ide.mcu.externaltools.gnu-tools-for-stm32.11.3.rel1.win32_1.1.0.202305231506/tools/bin/../lib/gcc/arm-none-eabi/11.3.1/../../../../arm-none-eabi/lib/thumb/v7e-m+fp/hard\libc_nano.a(libc_a-nano-vfprintf.o)
 .text.__sfputs_r
                0x0000000008002800       0x24 C:/STM32/STM32CubeIDE/STM32CubeIDE/plugins/com.st.stm32cube.ide.mcu.externaltools.gnu-tools-for-stm32.11.3.rel1.win32_1.1.0.202305231506/tools/bin/../lib/gcc/arm-none-eabi/11.3.1/../../../../arm-none-eabi/lib/thumb/v7e-m+fp/hard\libc_nano.a(libc_a-nano-vfprintf.o)
                0x0000000008002800                __sfputs_r
 .text._vfprintf_r
                0x0000000008002824      0x234 C:/STM32/STM32CubeIDE/STM32CubeIDE/plugins/com.st.stm32cube.ide.mcu.externaltools.gnu-tools-for-stm32.11.3.rel1.win32_1.1.0.202305231506/tools/bin/../lib/gcc/arm-none-eabi/11.3.1/../../../../arm-none-eabi/lib/thumb/v7e-m+fp/hard\libc_nano.a(libc_a-nano-vfprintf.o)
                0x0000000008002824                _vfprintf_r
                0x0000000008002824                _vfiprintf_r
 .text._printf_common
                0x0000000008002a58       0xda C:/STM32/STM32CubeIDE/STM32CubeIDE/plugins/com.st.stm32cube.ide.mcu.externaltools.gnu-tools-for-stm32.11.3.rel1.win32_1.1.0.202305231506/tools/bin/../lib/gcc/arm-none-eabi/11.3.1/../../../../arm-none-eabi/lib/thumb/v7e-m+fp/hard\libc_nano.a(libc_a-nano-vfprintf_i.o)
                0x0000000008002a58                _printf_common
 *fill*         0x0000000008002b32        0x2 
 .text._printf_i
                0x0000000008002b34      0x244 C:/STM32/STM32CubeIDE/STM32CubeIDE/plugins/com.st.stm32cube.ide.mcu.externaltools.gnu-tools-for-stm32.11.3.rel1.win32_1.1.0.202305231506/tools/bin/../lib/gcc/arm-none-eabi/11.3.1/../../../../arm-none-eabi/lib/thumb/v7e-m+fp/hard\libc_nano.a(libc_a-nano-vfprintf_i.o)
                0x0000000008002b34                _printf_i
 .text.__swbuf_r
                0x0000000008002d78       0x7a C:/STM32/STM32CubeIDE/STM32CubeIDE/plugins/com.st.stm32cube.ide.mcu.externaltools.gnu-tools-for-stm32.11.3.rel1.win32_1.1.0.202305231506/tools/bin/../lib/gcc/arm-none-eabi/11.3.1/../../../../arm-none-eabi/lib/thumb/v7e-m+fp/hard\libc_nano.a(libc_a-wbuf.o)
                0x0000000008002d78                __swbuf_r
 *fill*         0x0000000008002df2        0x2 
 .text.__swsetup_r
                0x0000000008002df4       0xb0 C:/STM32/STM32CubeIDE/STM32CubeIDE/plugins/com.st.stm32cube.ide.mcu.externaltools.gnu-tools-for-stm32.11.3.rel1.win32_1.1.0.202305231506/tools/bin/../lib/gcc/arm-none-eabi/11.3.1/../../../../arm-none-eabi/lib/thumb/v7e-m+fp/hard\libc_nano.a(libc_a-wsetup.o)
                0x0000000008002df4                __swsetup_r
 .text._raise_r
                0x0000000008002ea4       0x50 C:/STM32/STM32CubeIDE/STM32CubeIDE/plugins/com.st.stm32cube.ide.mcu.externaltools.gnu-tools-for-stm32.11.3.rel1.win32_1.1.0.202305231506/tools/bin/../lib/gcc/arm-none-eabi/11.3.1/../../../../arm-none-eabi/lib/thumb/v7e-m+fp/hard\libc_nano.a(libc_a-signal.o)
                0x0000000008002ea4                _raise_r
 .text.raise    0x0000000008002ef4       0x10 C:/STM32/STM32CubeIDE/STM32CubeIDE/plugins/com.st.stm32cube.ide.mcu.externaltools.gnu-tools-for-stm32.11.3.rel1.win32_1.1.0.202305231506/tools/bin/../lib/gcc/arm-none-eabi/11.3.1/../../../../arm-none-eabi/lib/thumb/v7e-m+fp/hard\libc_nano.a(libc_a-signal.o)
                0x0000000008002ef4                raise
 .text._kill_r  0x0000000008002f04       0x24 C:/STM32/STM32CubeIDE/STM32CubeIDE/plugins/com.st.stm32cube.ide.mcu.externaltools.gnu-tools-for-stm32.11.3.rel1.win32_1.1.0.202305231506/tools/bin/../lib/gcc/arm-none-eabi/11.3.1/../../../../arm-none-eabi/lib/thumb/v7e-m+fp/hard\libc_nano.a(libc_a-signalr.o)
                0x0000000008002f04                _kill_r
 .text._getpid_r
                0x0000000008002f28        0x4 C:/STM32/STM32CubeIDE/STM32CubeIDE/plugins/com.st.stm32cube.ide.mcu.externaltools.gnu-tools-for-stm32.11.3.rel1.win32_1.1.0.202305231506/tools/bin/../lib/gcc/arm-none-eabi/11.3.1/../../../../arm-none-eabi/lib/thumb/v7e-m+fp/hard\libc_nano.a(libc_a-signalr.o)
                0x0000000008002f28                _getpid_r
 .text.__swhatbuf_r
                0x0000000008002f2c       0x4c C:/STM32/STM32CubeIDE/STM32CubeIDE/plugins/com.st.stm32cube.ide.mcu.externaltools.gnu-tools-for-stm32.11.3.rel1.win32_1.1.0.202305231506/tools/bin/../lib/gcc/arm-none-eabi/11.3.1/../../../../arm-none-eabi/lib/thumb/v7e-m+fp/hard\libc_nano.a(libc_a-makebuf.o)
                0x0000000008002f2c                __swhatbuf_r
 .text.__smakebuf_r
                0x0000000008002f78       0x78 C:/STM32/STM32CubeIDE/STM32CubeIDE/plugins/com.st.stm32cube.ide.mcu.externaltools.gnu-tools-for-stm32.11.3.rel1.win32_1.1.0.202305231506/tools/bin/../lib/gcc/arm-none-eabi/11.3.1/../../../../arm-none-eabi/lib/thumb/v7e-m+fp/hard\libc_nano.a(libc_a-makebuf.o)
                0x0000000008002f78                __smakebuf_r
 .text._fstat_r
                0x0000000008002ff0       0x24 C:/STM32/STM32CubeIDE/STM32CubeIDE/plugins/com.st.stm32cube.ide.mcu.externaltools.gnu-tools-for-stm32.11.3.rel1.win32_1.1.0.202305231506/tools/bin/../lib/gcc/arm-none-eabi/11.3.1/../../../../arm-none-eabi/lib/thumb/v7e-m+fp/hard\libc_nano.a(libc_a-fstatr.o)
                0x0000000008002ff0                _fstat_r
 .text._isatty_r
                0x0000000008003014       0x20 C:/STM32/STM32CubeIDE/STM32CubeIDE/plugins/com.st.stm32cube.ide.mcu.externaltools.gnu-tools-for-stm32.11.3.rel1.win32_1.1.0.202305231506/tools/bin/../lib/gcc/arm-none-eabi/11.3.1/../../../../arm-none-eabi/lib/thumb/v7e-m+fp/hard\libc_nano.a(libc_a-isattyr.o)
                0x0000000008003014                _isatty_r
 *(.glue_7)
 .glue_7        0x0000000008003034        0x0 linker stubs
 *(.glue_7t)
 .glue_7t       0x0000000008003034        0x0 linker stubs
 *(.eh_frame)
 .eh_frame      0x0000000008003034        0x0 C:/STM32/STM32CubeIDE/STM32CubeIDE/plugins/com.st.stm32cube.ide.mcu.externaltools.gnu-tools-for-stm32.11.3.rel1.win32_1.1.0.202305231506/tools/bin/../lib/gcc/arm-none-eabi/11.3.1/thumb/v7e-m+fp/hard/crtbegin.o
 *(.init)
 .init          0x0000000008003034        0x4 C:/STM32/STM32CubeIDE/STM32CubeIDE/plugins/com.st.stm32cube.ide.mcu.externaltools.gnu-tools-for-stm32.11.3.rel1.win32_1.1.0.202305231506/tools/bin/../lib/gcc/arm-none-eabi/11.3.1/thumb/v7e-m+fp/hard/crti.o
                0x0000000008003034                _init
 .init          0x0000000008003038        0x8 C:/STM32/STM32CubeIDE/STM32CubeIDE/plugins/com.st.stm32cube.ide.mcu.externaltools.gnu-tools-for-stm32.11.3.rel1.win32_1.1.0.202305231506/tools/bin/../lib/gcc/arm-none-eabi/11.3.1/thumb/v7e-m+fp/hard/crtn.o
 *(.fini)
 .fini          0x0000000008003040        0x4 C:/STM32/STM32CubeIDE/STM32CubeIDE/plugins/com.st.stm32cube.ide.mcu.externaltools.gnu-tools-for-stm32.11.3.rel1.win32_1.1.0.202305231506/tools/bin/../lib/gcc/arm-none-eabi/11.3.1/thumb/v7e-m+fp/hard/crti.o
                0x0000000008003040                _fini
 .fini          0x0000000008003044        0x8 C:/STM32/STM32CubeIDE/STM32CubeIDE/plugins/com.st.stm32cube.ide.mcu.externaltools.gnu-tools-for-stm32.11.3.rel1.win32_1.1.0.202305231506/tools/bin/../lib/gcc/arm-none-eabi/11.3.1/thumb/v7e-m+fp/hard/crtn.o
                0x000000000800304c                . = ALIGN (0x4)
                0x000000000800304c                _etext = .

.vfp11_veneer   0x000000000800304c        0x0
 .vfp11_veneer  0x000000000800304c        0x0 linker stubs

.v4_bx          0x000000000800304c        0x0
 .v4_bx         0x000000000800304c        0x0 linker stubs

.iplt           0x000000000800304c        0x0
 .iplt          0x000000000800304c        0x0 C:/STM32/STM32CubeIDE/STM32CubeIDE/plugins/com.st.stm32cube.ide.mcu.externaltools.gnu-tools-for-stm32.11.3.rel1.win32_1.1.0.202305231506/tools/bin/../lib/gcc/arm-none-eabi/11.3.1/thumb/v7e-m+fp/hard/crtbegin.o

.rodata         0x000000000800304c       0xf0
                0x000000000800304c                . = ALIGN (0x4)
 *(.rodata)
 *(.rodata*)
 .rodata.AHBPrescTable
                0x000000000800304c       0x10 ./Core/Src/system_stm32f4xx.o
                0x000000000800304c                AHBPrescTable
 .rodata.srand.str1.1
                0x000000000800305c       0x6f C:/STM32/STM32CubeIDE/STM32CubeIDE/plugins/com.st.stm32cube.ide.mcu.externaltools.gnu-tools-for-stm32.11.3.rel1.win32_1.1.0.202305231506/tools/bin/../lib/gcc/arm-none-eabi/11.3.1/../../../../arm-none-eabi/lib/thumb/v7e-m+fp/hard\libc_nano.a(libc_a-rand.o)
 .rodata.__assert_func.str1.1
                0x00000000080030cb       0x3c C:/STM32/STM32CubeIDE/STM32CubeIDE/plugins/com.st.stm32cube.ide.mcu.externaltools.gnu-tools-for-stm32.11.3.rel1.win32_1.1.0.202305231506/tools/bin/../lib/gcc/arm-none-eabi/11.3.1/../../../../arm-none-eabi/lib/thumb/v7e-m+fp/hard\libc_nano.a(libc_a-assert.o)
                                         0x3d (size before relaxing)
 .rodata._vfprintf_r.str1.1
                0x0000000008003107       0x11 C:/STM32/STM32CubeIDE/STM32CubeIDE/plugins/com.st.stm32cube.ide.mcu.externaltools.gnu-tools-for-stm32.11.3.rel1.win32_1.1.0.202305231506/tools/bin/../lib/gcc/arm-none-eabi/11.3.1/../../../../arm-none-eabi/lib/thumb/v7e-m+fp/hard\libc_nano.a(libc_a-nano-vfprintf.o)
 .rodata._printf_i.str1.1
                0x0000000008003118       0x22 C:/STM32/STM32CubeIDE/STM32CubeIDE/plugins/com.st.stm32cube.ide.mcu.externaltools.gnu-tools-for-stm32.11.3.rel1.win32_1.1.0.202305231506/tools/bin/../lib/gcc/arm-none-eabi/11.3.1/../../../../arm-none-eabi/lib/thumb/v7e-m+fp/hard\libc_nano.a(libc_a-nano-vfprintf_i.o)
                0x000000000800313c                . = ALIGN (0x4)
 *fill*         0x000000000800313a        0x2 

.ARM.extab      0x000000000800313c        0x0
                0x000000000800313c                . = ALIGN (0x4)
 *(.ARM.extab* .gnu.linkonce.armextab.*)
                0x000000000800313c                . = ALIGN (0x4)

.ARM            0x000000000800313c        0x8
                0x000000000800313c                . = ALIGN (0x4)
                0x000000000800313c                __exidx_start = .
 *(.ARM.exidx*)
 .ARM.exidx     0x000000000800313c        0x8 C:/STM32/STM32CubeIDE/STM32CubeIDE/plugins/com.st.stm32cube.ide.mcu.externaltools.gnu-tools-for-stm32.11.3.rel1.win32_1.1.0.202305231506/tools/bin/../lib/gcc/arm-none-eabi/11.3.1/thumb/v7e-m+fp/hard\libgcc.a(_udivmoddi4.o)
                0x0000000008003144                __exidx_end = .
                0x0000000008003144                . = ALIGN (0x4)

.rel.dyn        0x0000000008003144        0x0
 .rel.iplt      0x0000000008003144        0x0 C:/STM32/STM32CubeIDE/STM32CubeIDE/plugins/com.st.stm32cube.ide.mcu.externaltools.gnu-tools-for-stm32.11.3.rel1.win32_1.1.0.202305231506/tools/bin/../lib/gcc/arm-none-eabi/11.3.1/thumb/v7e-m+fp/hard/crtbegin.o

.preinit_array  0x0000000008003144        0x0
                0x0000000008003144                . = ALIGN (0x4)
                0x0000000008003144                PROVIDE (__preinit_array_start = .)
 *(.preinit_array*)
                0x0000000008003144                PROVIDE (__preinit_array_end = .)
                0x0000000008003144                . = ALIGN (0x4)

.init_array     0x0000000008003144        0x4
                0x0000000008003144                . = ALIGN (0x4)
                0x0000000008003144                PROVIDE (__init_array_start = .)
 *(SORT_BY_NAME(.init_array.*))
 *(.init_array*)
 .init_array    0x0000000008003144        0x4 C:/STM32/STM32CubeIDE/STM32CubeIDE/plugins/com.st.stm32cube.ide.mcu.externaltools.gnu-tools-for-stm32.11.3.rel1.win32_1.1.0.202305231506/tools/bin/../lib/gcc/arm-none-eabi/11.3.1/thumb/v7e-m+fp/hard/crtbegin.o
                0x0000000008003148                PROVIDE (__init_array_end = .)
                0x0000000008003148                . = ALIGN (0x4)

.fini_array     0x0000000008003148        0x4
                0x0000000008003148                . = ALIGN (0x4)
                [!provide]                        PROVIDE (__fini_array_start = .)
 *(SORT_BY_NAME(.fini_array.*))
 *(.fini_array*)
 .fini_array    0x0000000008003148        0x4 C:/STM32/STM32CubeIDE/STM32CubeIDE/plugins/com.st.stm32cube.ide.mcu.externaltools.gnu-tools-for-stm32.11.3.rel1.win32_1.1.0.202305231506/tools/bin/../lib/gcc/arm-none-eabi/11.3.1/thumb/v7e-m+fp/hard/crtbegin.o
                [!provide]                        PROVIDE (__fini_array_end = .)
                0x000000000800314c                . = ALIGN (0x4)
                0x000000000800314c                _sidata = LOADADDR (.data)

.data           0x0000000020000000       0x68 load address 0x000000000800314c
                0x0000000020000000                . = ALIGN (0x4)
                0x0000000020000000                _sdata = .
 *(.data)
 *(.data*)
 .data.SystemCoreClock
                0x0000000020000000        0x4 ./Core/Src/system_stm32f4xx.o
                0x0000000020000000                SystemCoreClock
 .data.uwTickPrio
                0x0000000020000004        0x4 ./Drivers/STM32F4xx_HAL_Driver/Src/stm32f4xx_hal.o
                0x0000000020000004                uwTickPrio
 .data.uwTickFreq
                0x0000000020000008        0x1 ./Drivers/STM32F4xx_HAL_Driver/Src/stm32f4xx_hal.o
                0x0000000020000008                uwTickFreq
 *fill*         0x0000000020000009        0x3 
 .data.__sglue  0x000000002000000c        0xc C:/STM32/STM32CubeIDE/STM32CubeIDE/plugins/com.st.stm32cube.ide.mcu.externaltools.gnu-tools-for-stm32.11.3.rel1.win32_1.1.0.202305231506/tools/bin/../lib/gcc/arm-none-eabi/11.3.1/../../../../arm-none-eabi/lib/thumb/v7e-m+fp/hard\libc_nano.a(libc_a-findfp.o)
                0x000000002000000c                __sglue
 .data._impure_data
                0x0000000020000018       0x4c C:/STM32/STM32CubeIDE/STM32CubeIDE/plugins/com.st.stm32cube.ide.mcu.externaltools.gnu-tools-for-stm32.11.3.rel1.win32_1.1.0.202305231506/tools/bin/../lib/gcc/arm-none-eabi/11.3.1/../../../../arm-none-eabi/lib/thumb/v7e-m+fp/hard\libc_nano.a(libc_a-impure.o)
                0x0000000020000018                _impure_data
 .data._impure_ptr
                0x0000000020000064        0x4 C:/STM32/STM32CubeIDE/STM32CubeIDE/plugins/com.st.stm32cube.ide.mcu.externaltools.gnu-tools-for-stm32.11.3.rel1.win32_1.1.0.202305231506/tools/bin/../lib/gcc/arm-none-eabi/11.3.1/../../../../arm-none-eabi/lib/thumb/v7e-m+fp/hard\libc_nano.a(libc_a-impure.o)
                0x0000000020000064                _impure_ptr
 *(.RamFunc)
 *(.RamFunc*)
                0x0000000020000068                . = ALIGN (0x4)
                0x0000000020000068                _edata = .
                0x00000000080031b4                _siccmram = LOADADDR (.ccmram)

.igot.plt       0x0000000020000068        0x0 load address 0x00000000080031b4
 .igot.plt      0x0000000020000068        0x0 C:/STM32/STM32CubeIDE/STM32CubeIDE/plugins/com.st.stm32cube.ide.mcu.externaltools.gnu-tools-for-stm32.11.3.rel1.win32_1.1.0.202305231506/tools/bin/../lib/gcc/arm-none-eabi/11.3.1/thumb/v7e-m+fp/hard/crtbegin.o

.ccmram         0x0000000010000000        0x0 load address 0x00000000080031b4
                0x0000000010000000                . = ALIGN (0x4)
                0x0000000010000000                _sccmram = .
 *(.ccmram)
 *(.ccmram*)
                0x0000000010000000                . = ALIGN (0x4)
                0x0000000010000000                _eccmram = .
                0x0000000010000000                . = ALIGN (0x4)

.bss            0x0000000020000068      0x1a4
                0x0000000020000068                _sbss = .
                0x0000000020000068                __bss_start__ = _sbss
 *(.bss)
 .bss           0x0000000020000068       0x1c C:/STM32/STM32CubeIDE/STM32CubeIDE/plugins/com.st.stm32cube.ide.mcu.externaltools.gnu-tools-for-stm32.11.3.rel1.win32_1.1.0.202305231506/tools/bin/../lib/gcc/arm-none-eabi/11.3.1/thumb/v7e-m+fp/hard/crtbegin.o
 *(.bss*)
 .bss.hsdram1   0x0000000020000084       0x34 ./Core/Src/main.o
                0x0000000020000084                hsdram1
 .bss.__sbrk_heap_end
                0x00000000200000b8        0x4 ./Core/Src/sysmem.o
 .bss.uwTick    0x00000000200000bc        0x4 ./Drivers/STM32F4xx_HAL_Driver/Src/stm32f4xx_hal.o
                0x00000000200000bc                uwTick
 .bss.__sf      0x00000000200000c0      0x138 C:/STM32/STM32CubeIDE/STM32CubeIDE/plugins/com.st.stm32cube.ide.mcu.externaltools.gnu-tools-for-stm32.11.3.rel1.win32_1.1.0.202305231506/tools/bin/../lib/gcc/arm-none-eabi/11.3.1/../../../../arm-none-eabi/lib/thumb/v7e-m+fp/hard\libc_nano.a(libc_a-findfp.o)
                0x00000000200000c0                __sf
 .bss.__stdio_exit_handler
                0x00000000200001f8        0x4 C:/STM32/STM32CubeIDE/STM32CubeIDE/plugins/com.st.stm32cube.ide.mcu.externaltools.gnu-tools-for-stm32.11.3.rel1.win32_1.1.0.202305231506/tools/bin/../lib/gcc/arm-none-eabi/11.3.1/../../../../arm-none-eabi/lib/thumb/v7e-m+fp/hard\libc_nano.a(libc_a-findfp.o)
                0x00000000200001f8                __stdio_exit_handler
 .bss.errno     0x00000000200001fc        0x4 C:/STM32/STM32CubeIDE/STM32CubeIDE/plugins/com.st.stm32cube.ide.mcu.externaltools.gnu-tools-for-stm32.11.3.rel1.win32_1.1.0.202305231506/tools/bin/../lib/gcc/arm-none-eabi/11.3.1/../../../../arm-none-eabi/lib/thumb/v7e-m+fp/hard\libc_nano.a(libc_a-reent.o)
                0x00000000200001fc                errno
 .bss.__lock___malloc_recursive_mutex
                0x0000000020000200        0x1 C:/STM32/STM32CubeIDE/STM32CubeIDE/plugins/com.st.stm32cube.ide.mcu.externaltools.gnu-tools-for-stm32.11.3.rel1.win32_1.1.0.202305231506/tools/bin/../lib/gcc/arm-none-eabi/11.3.1/../../../../arm-none-eabi/lib/thumb/v7e-m+fp/hard\libc_nano.a(libc_a-lock.o)
                0x0000000020000200                __lock___malloc_recursive_mutex
 .bss.__lock___sfp_recursive_mutex
                0x0000000020000201        0x1 C:/STM32/STM32CubeIDE/STM32CubeIDE/plugins/com.st.stm32cube.ide.mcu.externaltools.gnu-tools-for-stm32.11.3.rel1.win32_1.1.0.202305231506/tools/bin/../lib/gcc/arm-none-eabi/11.3.1/../../../../arm-none-eabi/lib/thumb/v7e-m+fp/hard\libc_nano.a(libc_a-lock.o)
                0x0000000020000201                __lock___sfp_recursive_mutex
 *fill*         0x0000000020000202        0x2 
 .bss.__malloc_free_list
                0x0000000020000204        0x4 C:/STM32/STM32CubeIDE/STM32CubeIDE/plugins/com.st.stm32cube.ide.mcu.externaltools.gnu-tools-for-stm32.11.3.rel1.win32_1.1.0.202305231506/tools/bin/../lib/gcc/arm-none-eabi/11.3.1/../../../../arm-none-eabi/lib/thumb/v7e-m+fp/hard\libc_nano.a(libc_a-mallocr.o)
                0x0000000020000204                __malloc_free_list
 .bss.__malloc_sbrk_start
                0x0000000020000208        0x4 C:/STM32/STM32CubeIDE/STM32CubeIDE/plugins/com.st.stm32cube.ide.mcu.externaltools.gnu-tools-for-stm32.11.3.rel1.win32_1.1.0.202305231506/tools/bin/../lib/gcc/arm-none-eabi/11.3.1/../../../../arm-none-eabi/lib/thumb/v7e-m+fp/hard\libc_nano.a(libc_a-mallocr.o)
                0x0000000020000208                __malloc_sbrk_start
 *(COMMON)
                0x000000002000020c                . = ALIGN (0x4)
                0x000000002000020c                _ebss = .
                0x000000002000020c                __bss_end__ = _ebss

._user_heap_stack
                0x000000002000020c      0x604
                0x0000000020000210                . = ALIGN (0x8)
 *fill*         0x000000002000020c        0x4 
                [!provide]                        PROVIDE (end = .)
                0x0000000020000210                PROVIDE (_end = .)
                0x0000000020000410                . = (. + _Min_Heap_Size)
 *fill*         0x0000000020000210      0x200 
                0x0000000020000810                . = (. + _Min_Stack_Size)
 *fill*         0x0000000020000410      0x400 
                0x0000000020000810                . = ALIGN (0x8)

/DISCARD/
 libc.a(*)
 libm.a(*)
 libgcc.a(*)

.ARM.attributes
                0x0000000000000000       0x30
 *(.ARM.attributes)
 .ARM.attributes
                0x0000000000000000       0x1e C:/STM32/STM32CubeIDE/STM32CubeIDE/plugins/com.st.stm32cube.ide.mcu.externaltools.gnu-tools-for-stm32.11.3.rel1.win32_1.1.0.202305231506/tools/bin/../lib/gcc/arm-none-eabi/11.3.1/thumb/v7e-m+fp/hard/crti.o
 .ARM.attributes
                0x000000000000001e       0x34 C:/STM32/STM32CubeIDE/STM32CubeIDE/plugins/com.st.stm32cube.ide.mcu.externaltools.gnu-tools-for-stm32.11.3.rel1.win32_1.1.0.202305231506/tools/bin/../lib/gcc/arm-none-eabi/11.3.1/thumb/v7e-m+fp/hard/crtbegin.o
 .ARM.attributes
                0x0000000000000052       0x34 ./Core/Src/main.o
 .ARM.attributes
                0x0000000000000086       0x34 ./Core/Src/stm32f4xx_hal_msp.o
 .ARM.attributes
                0x00000000000000ba       0x34 ./Core/Src/stm32f4xx_it.o
 .ARM.attributes
                0x00000000000000ee       0x34 ./Core/Src/syscalls.o
 .ARM.attributes
                0x0000000000000122       0x34 ./Core/Src/sysmem.o
 .ARM.attributes
                0x0000000000000156       0x34 ./Core/Src/system_stm32f4xx.o
 .ARM.attributes
                0x000000000000018a       0x21 ./Core/Startup/startup_stm32f439zitx.o
 .ARM.attributes
                0x00000000000001ab       0x34 ./Drivers/STM32F4xx_HAL_Driver/Src/stm32f4xx_hal.o
 .ARM.attributes
                0x00000000000001df       0x34 ./Drivers/STM32F4xx_HAL_Driver/Src/stm32f4xx_hal_cortex.o
 .ARM.attributes
                0x0000000000000213       0x34 ./Drivers/STM32F4xx_HAL_Driver/Src/stm32f4xx_hal_gpio.o
 .ARM.attributes
                0x0000000000000247       0x34 ./Drivers/STM32F4xx_HAL_Driver/Src/stm32f4xx_hal_pwr_ex.o
 .ARM.attributes
                0x000000000000027b       0x34 ./Drivers/STM32F4xx_HAL_Driver/Src/stm32f4xx_hal_rcc.o
 .ARM.attributes
                0x00000000000002af       0x34 ./Drivers/STM32F4xx_HAL_Driver/Src/stm32f4xx_hal_sdram.o
 .ARM.attributes
                0x00000000000002e3       0x34 ./Drivers/STM32F4xx_HAL_Driver/Src/stm32f4xx_ll_fmc.o
 .ARM.attributes
                0x0000000000000317       0x34 C:/STM32/STM32CubeIDE/STM32CubeIDE/plugins/com.st.stm32cube.ide.mcu.externaltools.gnu-tools-for-stm32.11.3.rel1.win32_1.1.0.202305231506/tools/bin/../lib/gcc/arm-none-eabi/11.3.1/../../../../arm-none-eabi/lib/thumb/v7e-m+fp/hard\libc_nano.a(libc_a-rand.o)
 .ARM.attributes
                0x000000000000034b       0x34 C:/STM32/STM32CubeIDE/STM32CubeIDE/plugins/com.st.stm32cube.ide.mcu.externaltools.gnu-tools-for-stm32.11.3.rel1.win32_1.1.0.202305231506/tools/bin/../lib/gcc/arm-none-eabi/11.3.1/../../../../arm-none-eabi/lib/thumb/v7e-m+fp/hard\libc_nano.a(libc_a-findfp.o)
 .ARM.attributes
                0x000000000000037f       0x34 C:/STM32/STM32CubeIDE/STM32CubeIDE/plugins/com.st.stm32cube.ide.mcu.externaltools.gnu-tools-for-stm32.11.3.rel1.win32_1.1.0.202305231506/tools/bin/../lib/gcc/arm-none-eabi/11.3.1/../../../../arm-none-eabi/lib/thumb/v7e-m+fp/hard\libc_nano.a(libc_a-fwalk.o)
 .ARM.attributes
                0x00000000000003b3       0x34 C:/STM32/STM32CubeIDE/STM32CubeIDE/plugins/com.st.stm32cube.ide.mcu.externaltools.gnu-tools-for-stm32.11.3.rel1.win32_1.1.0.202305231506/tools/bin/../lib/gcc/arm-none-eabi/11.3.1/../../../../arm-none-eabi/lib/thumb/v7e-m+fp/hard\libc_nano.a(libc_a-stdio.o)
 .ARM.attributes
                0x00000000000003e7       0x34 C:/STM32/STM32CubeIDE/STM32CubeIDE/plugins/com.st.stm32cube.ide.mcu.externaltools.gnu-tools-for-stm32.11.3.rel1.win32_1.1.0.202305231506/tools/bin/../lib/gcc/arm-none-eabi/11.3.1/../../../../arm-none-eabi/lib/thumb/v7e-m+fp/hard\libc_nano.a(libc_a-memset.o)
 .ARM.attributes
                0x000000000000041b       0x34 C:/STM32/STM32CubeIDE/STM32CubeIDE/plugins/com.st.stm32cube.ide.mcu.externaltools.gnu-tools-for-stm32.11.3.rel1.win32_1.1.0.202305231506/tools/bin/../lib/gcc/arm-none-eabi/11.3.1/../../../../arm-none-eabi/lib/thumb/v7e-m+fp/hard\libc_nano.a(libc_a-closer.o)
 .ARM.attributes
                0x000000000000044f       0x34 C:/STM32/STM32CubeIDE/STM32CubeIDE/plugins/com.st.stm32cube.ide.mcu.externaltools.gnu-tools-for-stm32.11.3.rel1.win32_1.1.0.202305231506/tools/bin/../lib/gcc/arm-none-eabi/11.3.1/../../../../arm-none-eabi/lib/thumb/v7e-m+fp/hard\libc_nano.a(libc_a-reent.o)
 .ARM.attributes
                0x0000000000000483       0x34 C:/STM32/STM32CubeIDE/STM32CubeIDE/plugins/com.st.stm32cube.ide.mcu.externaltools.gnu-tools-for-stm32.11.3.rel1.win32_1.1.0.202305231506/tools/bin/../lib/gcc/arm-none-eabi/11.3.1/../../../../arm-none-eabi/lib/thumb/v7e-m+fp/hard\libc_nano.a(libc_a-impure.o)
 .ARM.attributes
                0x00000000000004b7       0x34 C:/STM32/STM32CubeIDE/STM32CubeIDE/plugins/com.st.stm32cube.ide.mcu.externaltools.gnu-tools-for-stm32.11.3.rel1.win32_1.1.0.202305231506/tools/bin/../lib/gcc/arm-none-eabi/11.3.1/../../../../arm-none-eabi/lib/thumb/v7e-m+fp/hard\libc_nano.a(libc_a-lseekr.o)
 .ARM.attributes
                0x00000000000004eb       0x34 C:/STM32/STM32CubeIDE/STM32CubeIDE/plugins/com.st.stm32cube.ide.mcu.externaltools.gnu-tools-for-stm32.11.3.rel1.win32_1.1.0.202305231506/tools/bin/../lib/gcc/arm-none-eabi/11.3.1/../../../../arm-none-eabi/lib/thumb/v7e-m+fp/hard\libc_nano.a(libc_a-readr.o)
 .ARM.attributes
                0x000000000000051f       0x34 C:/STM32/STM32CubeIDE/STM32CubeIDE/plugins/com.st.stm32cube.ide.mcu.externaltools.gnu-tools-for-stm32.11.3.rel1.win32_1.1.0.202305231506/tools/bin/../lib/gcc/arm-none-eabi/11.3.1/../../../../arm-none-eabi/lib/thumb/v7e-m+fp/hard\libc_nano.a(libc_a-writer.o)
 .ARM.attributes
                0x0000000000000553       0x34 C:/STM32/STM32CubeIDE/STM32CubeIDE/plugins/com.st.stm32cube.ide.mcu.externaltools.gnu-tools-for-stm32.11.3.rel1.win32_1.1.0.202305231506/tools/bin/../lib/gcc/arm-none-eabi/11.3.1/../../../../arm-none-eabi/lib/thumb/v7e-m+fp/hard\libc_nano.a(libc_a-errno.o)
 .ARM.attributes
                0x0000000000000587       0x34 C:/STM32/STM32CubeIDE/STM32CubeIDE/plugins/com.st.stm32cube.ide.mcu.externaltools.gnu-tools-for-stm32.11.3.rel1.win32_1.1.0.202305231506/tools/bin/../lib/gcc/arm-none-eabi/11.3.1/../../../../arm-none-eabi/lib/thumb/v7e-m+fp/hard\libc_nano.a(libc_a-init.o)
 .ARM.attributes
                0x00000000000005bb       0x34 C:/STM32/STM32CubeIDE/STM32CubeIDE/plugins/com.st.stm32cube.ide.mcu.externaltools.gnu-tools-for-stm32.11.3.rel1.win32_1.1.0.202305231506/tools/bin/../lib/gcc/arm-none-eabi/11.3.1/../../../../arm-none-eabi/lib/thumb/v7e-m+fp/hard\libc_nano.a(libc_a-lock.o)
 .ARM.attributes
                0x00000000000005ef       0x34 C:/STM32/STM32CubeIDE/STM32CubeIDE/plugins/com.st.stm32cube.ide.mcu.externaltools.gnu-tools-for-stm32.11.3.rel1.win32_1.1.0.202305231506/tools/bin/../lib/gcc/arm-none-eabi/11.3.1/../../../../arm-none-eabi/lib/thumb/v7e-m+fp/hard\libc_nano.a(libc_a-assert.o)
 .ARM.attributes
                0x0000000000000623       0x34 C:/STM32/STM32CubeIDE/STM32CubeIDE/plugins/com.st.stm32cube.ide.mcu.externaltools.gnu-tools-for-stm32.11.3.rel1.win32_1.1.0.202305231506/tools/bin/../lib/gcc/arm-none-eabi/11.3.1/../../../../arm-none-eabi/lib/thumb/v7e-m+fp/hard\libc_nano.a(libc_a-freer.o)
 .ARM.attributes
                0x0000000000000657       0x34 C:/STM32/STM32CubeIDE/STM32CubeIDE/plugins/com.st.stm32cube.ide.mcu.externaltools.gnu-tools-for-stm32.11.3.rel1.win32_1.1.0.202305231506/tools/bin/../lib/gcc/arm-none-eabi/11.3.1/../../../../arm-none-eabi/lib/thumb/v7e-m+fp/hard\libc_nano.a(libc_a-malloc.o)
 .ARM.attributes
                0x000000000000068b       0x34 C:/STM32/STM32CubeIDE/STM32CubeIDE/plugins/com.st.stm32cube.ide.mcu.externaltools.gnu-tools-for-stm32.11.3.rel1.win32_1.1.0.202305231506/tools/bin/../lib/gcc/arm-none-eabi/11.3.1/../../../../arm-none-eabi/lib/thumb/v7e-m+fp/hard\libc_nano.a(libc_a-mallocr.o)
 .ARM.attributes
                0x00000000000006bf       0x34 C:/STM32/STM32CubeIDE/STM32CubeIDE/plugins/com.st.stm32cube.ide.mcu.externaltools.gnu-tools-for-stm32.11.3.rel1.win32_1.1.0.202305231506/tools/bin/../lib/gcc/arm-none-eabi/11.3.1/../../../../arm-none-eabi/lib/thumb/v7e-m+fp/hard\libc_nano.a(libc_a-mlock.o)
 .ARM.attributes
                0x00000000000006f3       0x34 C:/STM32/STM32CubeIDE/STM32CubeIDE/plugins/com.st.stm32cube.ide.mcu.externaltools.gnu-tools-for-stm32.11.3.rel1.win32_1.1.0.202305231506/tools/bin/../lib/gcc/arm-none-eabi/11.3.1/../../../../arm-none-eabi/lib/thumb/v7e-m+fp/hard\libc_nano.a(libc_a-fflush.o)
 .ARM.attributes
                0x0000000000000727       0x34 C:/STM32/STM32CubeIDE/STM32CubeIDE/plugins/com.st.stm32cube.ide.mcu.externaltools.gnu-tools-for-stm32.11.3.rel1.win32_1.1.0.202305231506/tools/bin/../lib/gcc/arm-none-eabi/11.3.1/../../../../arm-none-eabi/lib/thumb/v7e-m+fp/hard\libc_nano.a(libc_a-fprintf.o)
 .ARM.attributes
                0x000000000000075b       0x34 C:/STM32/STM32CubeIDE/STM32CubeIDE/plugins/com.st.stm32cube.ide.mcu.externaltools.gnu-tools-for-stm32.11.3.rel1.win32_1.1.0.202305231506/tools/bin/../lib/gcc/arm-none-eabi/11.3.1/../../../../arm-none-eabi/lib/thumb/v7e-m+fp/hard\libc_nano.a(libc_a-sbrkr.o)
 .ARM.attributes
                0x000000000000078f       0x34 C:/STM32/STM32CubeIDE/STM32CubeIDE/plugins/com.st.stm32cube.ide.mcu.externaltools.gnu-tools-for-stm32.11.3.rel1.win32_1.1.0.202305231506/tools/bin/../lib/gcc/arm-none-eabi/11.3.1/../../../../arm-none-eabi/lib/thumb/v7e-m+fp/hard\libc_nano.a(libc_a-abort.o)
 .ARM.attributes
                0x00000000000007c3       0x34 C:/STM32/STM32CubeIDE/STM32CubeIDE/plugins/com.st.stm32cube.ide.mcu.externaltools.gnu-tools-for-stm32.11.3.rel1.win32_1.1.0.202305231506/tools/bin/../lib/gcc/arm-none-eabi/11.3.1/../../../../arm-none-eabi/lib/thumb/v7e-m+fp/hard\libc_nano.a(libc_a-nano-vfprintf.o)
 .ARM.attributes
                0x00000000000007f7       0x34 C:/STM32/STM32CubeIDE/STM32CubeIDE/plugins/com.st.stm32cube.ide.mcu.externaltools.gnu-tools-for-stm32.11.3.rel1.win32_1.1.0.202305231506/tools/bin/../lib/gcc/arm-none-eabi/11.3.1/../../../../arm-none-eabi/lib/thumb/v7e-m+fp/hard\libc_nano.a(libc_a-nano-vfprintf_i.o)
 .ARM.attributes
                0x000000000000082b       0x34 C:/STM32/STM32CubeIDE/STM32CubeIDE/plugins/com.st.stm32cube.ide.mcu.externaltools.gnu-tools-for-stm32.11.3.rel1.win32_1.1.0.202305231506/tools/bin/../lib/gcc/arm-none-eabi/11.3.1/../../../../arm-none-eabi/lib/thumb/v7e-m+fp/hard\libc_nano.a(libc_a-wbuf.o)
 .ARM.attributes
                0x000000000000085f       0x34 C:/STM32/STM32CubeIDE/STM32CubeIDE/plugins/com.st.stm32cube.ide.mcu.externaltools.gnu-tools-for-stm32.11.3.rel1.win32_1.1.0.202305231506/tools/bin/../lib/gcc/arm-none-eabi/11.3.1/../../../../arm-none-eabi/lib/thumb/v7e-m+fp/hard\libc_nano.a(libc_a-wsetup.o)
 .ARM.attributes
                0x0000000000000893       0x34 C:/STM32/STM32CubeIDE/STM32CubeIDE/plugins/com.st.stm32cube.ide.mcu.externaltools.gnu-tools-for-stm32.11.3.rel1.win32_1.1.0.202305231506/tools/bin/../lib/gcc/arm-none-eabi/11.3.1/../../../../arm-none-eabi/lib/thumb/v7e-m+fp/hard\libc_nano.a(libc_a-signal.o)
 .ARM.attributes
                0x00000000000008c7       0x34 C:/STM32/STM32CubeIDE/STM32CubeIDE/plugins/com.st.stm32cube.ide.mcu.externaltools.gnu-tools-for-stm32.11.3.rel1.win32_1.1.0.202305231506/tools/bin/../lib/gcc/arm-none-eabi/11.3.1/../../../../arm-none-eabi/lib/thumb/v7e-m+fp/hard\libc_nano.a(libc_a-signalr.o)
 .ARM.attributes
                0x00000000000008fb       0x1c C:/STM32/STM32CubeIDE/STM32CubeIDE/plugins/com.st.stm32cube.ide.mcu.externaltools.gnu-tools-for-stm32.11.3.rel1.win32_1.1.0.202305231506/tools/bin/../lib/gcc/arm-none-eabi/11.3.1/../../../../arm-none-eabi/lib/thumb/v7e-m+fp/hard\libc_nano.a(libc_a-memchr.o)
 .ARM.attributes
                0x0000000000000917       0x34 C:/STM32/STM32CubeIDE/STM32CubeIDE/plugins/com.st.stm32cube.ide.mcu.externaltools.gnu-tools-for-stm32.11.3.rel1.win32_1.1.0.202305231506/tools/bin/../lib/gcc/arm-none-eabi/11.3.1/../../../../arm-none-eabi/lib/thumb/v7e-m+fp/hard\libc_nano.a(libc_a-makebuf.o)
 .ARM.attributes
                0x000000000000094b       0x34 C:/STM32/STM32CubeIDE/STM32CubeIDE/plugins/com.st.stm32cube.ide.mcu.externaltools.gnu-tools-for-stm32.11.3.rel1.win32_1.1.0.202305231506/tools/bin/../lib/gcc/arm-none-eabi/11.3.1/../../../../arm-none-eabi/lib/thumb/v7e-m+fp/hard\libc_nano.a(libc_a-fstatr.o)
 .ARM.attributes
                0x000000000000097f       0x34 C:/STM32/STM32CubeIDE/STM32CubeIDE/plugins/com.st.stm32cube.ide.mcu.externaltools.gnu-tools-for-stm32.11.3.rel1.win32_1.1.0.202305231506/tools/bin/../lib/gcc/arm-none-eabi/11.3.1/../../../../arm-none-eabi/lib/thumb/v7e-m+fp/hard\libc_nano.a(libc_a-isattyr.o)
 .ARM.attributes
                0x00000000000009b3       0x1e C:/STM32/STM32CubeIDE/STM32CubeIDE/plugins/com.st.stm32cube.ide.mcu.externaltools.gnu-tools-for-stm32.11.3.rel1.win32_1.1.0.202305231506/tools/bin/../lib/gcc/arm-none-eabi/11.3.1/thumb/v7e-m+fp/hard\libgcc.a(_aeabi_uldivmod.o)
 .ARM.attributes
                0x00000000000009d1       0x34 C:/STM32/STM32CubeIDE/STM32CubeIDE/plugins/com.st.stm32cube.ide.mcu.externaltools.gnu-tools-for-stm32.11.3.rel1.win32_1.1.0.202305231506/tools/bin/../lib/gcc/arm-none-eabi/11.3.1/thumb/v7e-m+fp/hard\libgcc.a(_udivmoddi4.o)
 .ARM.attributes
                0x0000000000000a05       0x1e C:/STM32/STM32CubeIDE/STM32CubeIDE/plugins/com.st.stm32cube.ide.mcu.externaltools.gnu-tools-for-stm32.11.3.rel1.win32_1.1.0.202305231506/tools/bin/../lib/gcc/arm-none-eabi/11.3.1/thumb/v7e-m+fp/hard\libgcc.a(_dvmd_tls.o)
 .ARM.attributes
                0x0000000000000a23       0x1e C:/STM32/STM32CubeIDE/STM32CubeIDE/plugins/com.st.stm32cube.ide.mcu.externaltools.gnu-tools-for-stm32.11.3.rel1.win32_1.1.0.202305231506/tools/bin/../lib/gcc/arm-none-eabi/11.3.1/thumb/v7e-m+fp/hard/crtn.o
OUTPUT(020_SDRAM_K4S561632E-UC75_test.elf elf32-littlearm)
LOAD linker stubs
LOAD C:/STM32/STM32CubeIDE/STM32CubeIDE/plugins/com.st.stm32cube.ide.mcu.externaltools.gnu-tools-for-stm32.11.3.rel1.win32_1.1.0.202305231506/tools/bin/../lib/gcc/arm-none-eabi/11.3.1/../../../../arm-none-eabi/lib/thumb/v7e-m+fp/hard\libc.a
LOAD C:/STM32/STM32CubeIDE/STM32CubeIDE/plugins/com.st.stm32cube.ide.mcu.externaltools.gnu-tools-for-stm32.11.3.rel1.win32_1.1.0.202305231506/tools/bin/../lib/gcc/arm-none-eabi/11.3.1/../../../../arm-none-eabi/lib/thumb/v7e-m+fp/hard\libm.a
LOAD C:/STM32/STM32CubeIDE/STM32CubeIDE/plugins/com.st.stm32cube.ide.mcu.externaltools.gnu-tools-for-stm32.11.3.rel1.win32_1.1.0.202305231506/tools/bin/../lib/gcc/arm-none-eabi/11.3.1/thumb/v7e-m+fp/hard\libgcc.a

.comment        0x0000000000000000       0x43
 .comment       0x0000000000000000       0x43 C:/STM32/STM32CubeIDE/STM32CubeIDE/plugins/com.st.stm32cube.ide.mcu.externaltools.gnu-tools-for-stm32.11.3.rel1.win32_1.1.0.202305231506/tools/bin/../lib/gcc/arm-none-eabi/11.3.1/thumb/v7e-m+fp/hard/crtbegin.o
                                         0x44 (size before relaxing)
 .comment       0x0000000000000043       0x44 ./Core/Src/main.o
 .comment       0x0000000000000043       0x44 ./Core/Src/stm32f4xx_hal_msp.o
 .comment       0x0000000000000043       0x44 ./Core/Src/stm32f4xx_it.o
 .comment       0x0000000000000043       0x44 ./Core/Src/syscalls.o
 .comment       0x0000000000000043       0x44 ./Core/Src/sysmem.o
 .comment       0x0000000000000043       0x44 ./Core/Src/system_stm32f4xx.o
 .comment       0x0000000000000043       0x44 ./Drivers/STM32F4xx_HAL_Driver/Src/stm32f4xx_hal.o
 .comment       0x0000000000000043       0x44 ./Drivers/STM32F4xx_HAL_Driver/Src/stm32f4xx_hal_cortex.o
 .comment       0x0000000000000043       0x44 ./Drivers/STM32F4xx_HAL_Driver/Src/stm32f4xx_hal_gpio.o
 .comment       0x0000000000000043       0x44 ./Drivers/STM32F4xx_HAL_Driver/Src/stm32f4xx_hal_pwr_ex.o
 .comment       0x0000000000000043       0x44 ./Drivers/STM32F4xx_HAL_Driver/Src/stm32f4xx_hal_rcc.o
 .comment       0x0000000000000043       0x44 ./Drivers/STM32F4xx_HAL_Driver/Src/stm32f4xx_hal_sdram.o
 .comment       0x0000000000000043       0x44 ./Drivers/STM32F4xx_HAL_Driver/Src/stm32f4xx_ll_fmc.o

.debug_info     0x0000000000000000     0x6d95
 .debug_info    0x0000000000000000      0xdca ./Core/Src/main.o
 .debug_info    0x0000000000000dca      0x70d ./Core/Src/stm32f4xx_hal_msp.o
 .debug_info    0x00000000000014d7      0x112 ./Core/Src/stm32f4xx_it.o
 .debug_info    0x00000000000015e9      0x6a3 ./Core/Src/syscalls.o
 .debug_info    0x0000000000001c8c      0x168 ./Core/Src/sysmem.o
 .debug_info    0x0000000000001df4      0x52e ./Core/Src/system_stm32f4xx.o
 .debug_info    0x0000000000002322       0x23 ./Core/Startup/startup_stm32f439zitx.o
 .debug_info    0x0000000000002345      0x9c4 ./Drivers/STM32F4xx_HAL_Driver/Src/stm32f4xx_hal.o
 .debug_info    0x0000000000002d09      0xd82 ./Drivers/STM32F4xx_HAL_Driver/Src/stm32f4xx_hal_cortex.o
 .debug_info    0x0000000000003a8b      0x6db ./Drivers/STM32F4xx_HAL_Driver/Src/stm32f4xx_hal_gpio.o
 .debug_info    0x0000000000004166      0x6be ./Drivers/STM32F4xx_HAL_Driver/Src/stm32f4xx_hal_pwr_ex.o
 .debug_info    0x0000000000004824      0x8c9 ./Drivers/STM32F4xx_HAL_Driver/Src/stm32f4xx_hal_rcc.o
 .debug_info    0x00000000000050ed      0xeaa ./Drivers/STM32F4xx_HAL_Driver/Src/stm32f4xx_hal_sdram.o
 .debug_info    0x0000000000005f97      0xdfe ./Drivers/STM32F4xx_HAL_Driver/Src/stm32f4xx_ll_fmc.o

.debug_abbrev   0x0000000000000000     0x1746
 .debug_abbrev  0x0000000000000000      0x237 ./Core/Src/main.o
 .debug_abbrev  0x0000000000000237      0x18e ./Core/Src/stm32f4xx_hal_msp.o
 .debug_abbrev  0x00000000000003c5       0x73 ./Core/Src/stm32f4xx_it.o
 .debug_abbrev  0x0000000000000438      0x1b6 ./Core/Src/syscalls.o
 .debug_abbrev  0x00000000000005ee       0xbc ./Core/Src/sysmem.o
 .debug_abbrev  0x00000000000006aa      0x11a ./Core/Src/system_stm32f4xx.o
 .debug_abbrev  0x00000000000007c4       0x12 ./Core/Startup/startup_stm32f439zitx.o
 .debug_abbrev  0x00000000000007d6      0x213 ./Drivers/STM32F4xx_HAL_Driver/Src/stm32f4xx_hal.o
 .debug_abbrev  0x00000000000009e9      0x327 ./Drivers/STM32F4xx_HAL_Driver/Src/stm32f4xx_hal_cortex.o
 .debug_abbrev  0x0000000000000d10      0x1d4 ./Drivers/STM32F4xx_HAL_Driver/Src/stm32f4xx_hal_gpio.o
 .debug_abbrev  0x0000000000000ee4      0x1cf ./Drivers/STM32F4xx_HAL_Driver/Src/stm32f4xx_hal_pwr_ex.o
 .debug_abbrev  0x00000000000010b3      0x2b6 ./Drivers/STM32F4xx_HAL_Driver/Src/stm32f4xx_hal_rcc.o
 .debug_abbrev  0x0000000000001369      0x239 ./Drivers/STM32F4xx_HAL_Driver/Src/stm32f4xx_hal_sdram.o
 .debug_abbrev  0x00000000000015a2      0x1a4 ./Drivers/STM32F4xx_HAL_Driver/Src/stm32f4xx_ll_fmc.o

.debug_aranges  0x0000000000000000      0x710
 .debug_aranges
                0x0000000000000000       0x38 ./Core/Src/main.o
 .debug_aranges
                0x0000000000000038       0x30 ./Core/Src/stm32f4xx_hal_msp.o
 .debug_aranges
                0x0000000000000068       0x60 ./Core/Src/stm32f4xx_it.o
 .debug_aranges
                0x00000000000000c8       0xa8 ./Core/Src/syscalls.o
 .debug_aranges
                0x0000000000000170       0x20 ./Core/Src/sysmem.o
 .debug_aranges
                0x0000000000000190       0x28 ./Core/Src/system_stm32f4xx.o
 .debug_aranges
                0x00000000000001b8       0x28 ./Core/Startup/startup_stm32f439zitx.o
 .debug_aranges
                0x00000000000001e0      0x100 ./Drivers/STM32F4xx_HAL_Driver/Src/stm32f4xx_hal.o
 .debug_aranges
                0x00000000000002e0      0x118 ./Drivers/STM32F4xx_HAL_Driver/Src/stm32f4xx_hal_cortex.o
 .debug_aranges
                0x00000000000003f8       0x58 ./Drivers/STM32F4xx_HAL_Driver/Src/stm32f4xx_hal_gpio.o
 .debug_aranges
                0x0000000000000450       0x60 ./Drivers/STM32F4xx_HAL_Driver/Src/stm32f4xx_hal_pwr_ex.o
 .debug_aranges
                0x00000000000004b0       0x88 ./Drivers/STM32F4xx_HAL_Driver/Src/stm32f4xx_hal_rcc.o
 .debug_aranges
                0x0000000000000538       0xe8 ./Drivers/STM32F4xx_HAL_Driver/Src/stm32f4xx_hal_sdram.o
 .debug_aranges
                0x0000000000000620       0xf0 ./Drivers/STM32F4xx_HAL_Driver/Src/stm32f4xx_ll_fmc.o

.debug_rnglists
                0x0000000000000000      0x525
 .debug_rnglists
                0x0000000000000000       0x29 ./Core/Src/main.o
 .debug_rnglists
                0x0000000000000029       0x1f ./Core/Src/stm32f4xx_hal_msp.o
 .debug_rnglists
                0x0000000000000048       0x43 ./Core/Src/stm32f4xx_it.o
 .debug_rnglists
                0x000000000000008b       0x79 ./Core/Src/syscalls.o
 .debug_rnglists
                0x0000000000000104       0x13 ./Core/Src/sysmem.o
 .debug_rnglists
                0x0000000000000117       0x1a ./Core/Src/system_stm32f4xx.o
 .debug_rnglists
                0x0000000000000131       0x19 ./Core/Startup/startup_stm32f439zitx.o
 .debug_rnglists
                0x000000000000014a       0xbb ./Drivers/STM32F4xx_HAL_Driver/Src/stm32f4xx_hal.o
 .debug_rnglists
                0x0000000000000205       0xce ./Drivers/STM32F4xx_HAL_Driver/Src/stm32f4xx_hal_cortex.o
 .debug_rnglists
                0x00000000000002d3       0x3f ./Drivers/STM32F4xx_HAL_Driver/Src/stm32f4xx_hal_gpio.o
 .debug_rnglists
                0x0000000000000312       0x47 ./Drivers/STM32F4xx_HAL_Driver/Src/stm32f4xx_hal_pwr_ex.o
 .debug_rnglists
                0x0000000000000359       0x66 ./Drivers/STM32F4xx_HAL_Driver/Src/stm32f4xx_hal_rcc.o
 .debug_rnglists
                0x00000000000003bf       0xb1 ./Drivers/STM32F4xx_HAL_Driver/Src/stm32f4xx_hal_sdram.o
 .debug_rnglists
                0x0000000000000470       0xb5 ./Drivers/STM32F4xx_HAL_Driver/Src/stm32f4xx_ll_fmc.o

.debug_macro    0x0000000000000000    0x241cc
 .debug_macro   0x0000000000000000      0x2f5 ./Core/Src/main.o
 .debug_macro   0x00000000000002f5      0xaa8 ./Core/Src/main.o
 .debug_macro   0x0000000000000d9d      0x295 ./Core/Src/main.o
 .debug_macro   0x0000000000001032       0x2e ./Core/Src/main.o
 .debug_macro   0x0000000000001060       0x28 ./Core/Src/main.o
 .debug_macro   0x0000000000001088       0x22 ./Core/Src/main.o
 .debug_macro   0x00000000000010aa       0x8e ./Core/Src/main.o
 .debug_macro   0x0000000000001138       0x51 ./Core/Src/main.o
 .debug_macro   0x0000000000001189      0x103 ./Core/Src/main.o
 .debug_macro   0x000000000000128c       0x6a ./Core/Src/main.o
 .debug_macro   0x00000000000012f6      0x1df ./Core/Src/main.o
 .debug_macro   0x00000000000014d5       0x1c ./Core/Src/main.o
 .debug_macro   0x00000000000014f1       0x22 ./Core/Src/main.o
 .debug_macro   0x0000000000001513       0xd9 ./Core/Src/main.o
 .debug_macro   0x00000000000015ec     0x102d ./Core/Src/main.o
 .debug_macro   0x0000000000002619      0x11f ./Core/Src/main.o
 .debug_macro   0x0000000000002738    0x1860a ./Core/Src/main.o
 .debug_macro   0x000000000001ad42       0x6d ./Core/Src/main.o
 .debug_macro   0x000000000001adaf     0x36f5 ./Core/Src/main.o
 .debug_macro   0x000000000001e4a4      0x174 ./Core/Src/main.o
 .debug_macro   0x000000000001e618       0x5c ./Core/Src/main.o
 .debug_macro   0x000000000001e674      0xd15 ./Core/Src/main.o
 .debug_macro   0x000000000001f389      0x9fe ./Core/Src/main.o
 .debug_macro   0x000000000001fd87      0x115 ./Core/Src/main.o
 .debug_macro   0x000000000001fe9c      0x156 ./Core/Src/main.o
 .debug_macro   0x000000000001fff2       0xa5 ./Core/Src/main.o
 .debug_macro   0x0000000000020097      0x182 ./Core/Src/main.o
 .debug_macro   0x0000000000020219      0x287 ./Core/Src/main.o
 .debug_macro   0x00000000000204a0       0x5f ./Core/Src/main.o
 .debug_macro   0x00000000000204ff      0x236 ./Core/Src/main.o
 .debug_macro   0x0000000000020735      0x132 ./Core/Src/main.o
 .debug_macro   0x0000000000020867      0x41d ./Core/Src/main.o
 .debug_macro   0x0000000000020c84       0x2e ./Core/Src/main.o
 .debug_macro   0x0000000000020cb2      0x556 ./Core/Src/main.o
 .debug_macro   0x0000000000021208      0x11a ./Core/Src/main.o
 .debug_macro   0x0000000000021322       0xe2 ./Core/Src/main.o
 .debug_macro   0x0000000000021404       0x89 ./Core/Src/main.o
 .debug_macro   0x000000000002148d      0x134 ./Core/Src/main.o
 .debug_macro   0x00000000000215c1       0x2a ./Core/Src/main.o
 .debug_macro   0x00000000000215eb       0x61 ./Core/Src/main.o
 .debug_macro   0x000000000002164c       0x43 ./Core/Src/main.o
 .debug_macro   0x000000000002168f       0x34 ./Core/Src/main.o
 .debug_macro   0x00000000000216c3       0x16 ./Core/Src/main.o
 .debug_macro   0x00000000000216d9       0x35 ./Core/Src/main.o
 .debug_macro   0x000000000002170e       0x16 ./Core/Src/main.o
 .debug_macro   0x0000000000021724       0x43 ./Core/Src/main.o
 .debug_macro   0x0000000000021767       0x34 ./Core/Src/main.o
 .debug_macro   0x000000000002179b       0x10 ./Core/Src/main.o
 .debug_macro   0x00000000000217ab       0x58 ./Core/Src/main.o
 .debug_macro   0x0000000000021803       0x8e ./Core/Src/main.o
 .debug_macro   0x0000000000021891       0x1c ./Core/Src/main.o
 .debug_macro   0x00000000000218ad      0x177 ./Core/Src/main.o
 .debug_macro   0x0000000000021a24      0x369 ./Core/Src/main.o
 .debug_macro   0x0000000000021d8d       0x16 ./Core/Src/main.o
 .debug_macro   0x0000000000021da3       0x29 ./Core/Src/main.o
 .debug_macro   0x0000000000021dcc      0x1d5 ./Core/Src/stm32f4xx_hal_msp.o
 .debug_macro   0x0000000000021fa1      0x1df ./Core/Src/stm32f4xx_it.o
 .debug_macro   0x0000000000022180      0x274 ./Core/Src/syscalls.o
 .debug_macro   0x00000000000223f4       0x5b ./Core/Src/syscalls.o
 .debug_macro   0x000000000002244f       0x94 ./Core/Src/syscalls.o
 .debug_macro   0x00000000000224e3       0x57 ./Core/Src/syscalls.o
 .debug_macro   0x000000000002253a       0x10 ./Core/Src/syscalls.o
 .debug_macro   0x000000000002254a       0x10 ./Core/Src/syscalls.o
 .debug_macro   0x000000000002255a       0x10 ./Core/Src/syscalls.o
 .debug_macro   0x000000000002256a       0x10 ./Core/Src/syscalls.o
 .debug_macro   0x000000000002257a       0x1c ./Core/Src/syscalls.o
 .debug_macro   0x0000000000022596       0x52 ./Core/Src/syscalls.o
 .debug_macro   0x00000000000225e8       0x22 ./Core/Src/syscalls.o
 .debug_macro   0x000000000002260a       0x10 ./Core/Src/syscalls.o
 .debug_macro   0x000000000002261a       0x52 ./Core/Src/syscalls.o
 .debug_macro   0x000000000002266c       0xcf ./Core/Src/syscalls.o
 .debug_macro   0x000000000002273b       0x1c ./Core/Src/syscalls.o
 .debug_macro   0x0000000000022757       0x3d ./Core/Src/syscalls.o
 .debug_macro   0x0000000000022794       0x35 ./Core/Src/syscalls.o
 .debug_macro   0x00000000000227c9      0x12c ./Core/Src/syscalls.o
 .debug_macro   0x00000000000228f5       0x10 ./Core/Src/syscalls.o
 .debug_macro   0x0000000000022905      0x242 ./Core/Src/syscalls.o
 .debug_macro   0x0000000000022b47       0x1c ./Core/Src/syscalls.o
 .debug_macro   0x0000000000022b63       0x10 ./Core/Src/syscalls.o
 .debug_macro   0x0000000000022b73       0x10 ./Core/Src/syscalls.o
 .debug_macro   0x0000000000022b83       0x16 ./Core/Src/syscalls.o
 .debug_macro   0x0000000000022b99      0x147 ./Core/Src/syscalls.o
 .debug_macro   0x0000000000022ce0      0x18a ./Core/Src/syscalls.o
 .debug_macro   0x0000000000022e6a       0x16 ./Core/Src/syscalls.o
 .debug_macro   0x0000000000022e80       0xce ./Core/Src/syscalls.o
 .debug_macro   0x0000000000022f4e       0xff ./Core/Src/sysmem.o
 .debug_macro   0x000000000002304d      0x23c ./Core/Src/sysmem.o
 .debug_macro   0x0000000000023289      0x1cb ./Core/Src/system_stm32f4xx.o
 .debug_macro   0x0000000000023454      0x22b ./Drivers/STM32F4xx_HAL_Driver/Src/stm32f4xx_hal.o
 .debug_macro   0x000000000002367f      0x1cb ./Drivers/STM32F4xx_HAL_Driver/Src/stm32f4xx_hal_cortex.o
 .debug_macro   0x000000000002384a      0x1d1 ./Drivers/STM32F4xx_HAL_Driver/Src/stm32f4xx_hal_gpio.o
 .debug_macro   0x0000000000023a1b      0x1e3 ./Drivers/STM32F4xx_HAL_Driver/Src/stm32f4xx_hal_pwr_ex.o
 .debug_macro   0x0000000000023bfe      0x1ef ./Drivers/STM32F4xx_HAL_Driver/Src/stm32f4xx_hal_rcc.o
 .debug_macro   0x0000000000023ded      0x1cb ./Drivers/STM32F4xx_HAL_Driver/Src/stm32f4xx_hal_sdram.o
 .debug_macro   0x0000000000023fb8      0x214 ./Drivers/STM32F4xx_HAL_Driver/Src/stm32f4xx_ll_fmc.o

.debug_line     0x0000000000000000     0x82a2
 .debug_line    0x0000000000000000      0xa73 ./Core/Src/main.o
 .debug_line    0x0000000000000a73      0x743 ./Core/Src/stm32f4xx_hal_msp.o
 .debug_line    0x00000000000011b6      0x7df ./Core/Src/stm32f4xx_it.o
 .debug_line    0x0000000000001995      0x894 ./Core/Src/syscalls.o
 .debug_line    0x0000000000002229      0x565 ./Core/Src/sysmem.o
 .debug_line    0x000000000000278e      0x79e ./Core/Src/system_stm32f4xx.o
 .debug_line    0x0000000000002f2c       0x7a ./Core/Startup/startup_stm32f439zitx.o
 .debug_line    0x0000000000002fa6      0xa3a ./Drivers/STM32F4xx_HAL_Driver/Src/stm32f4xx_hal.o
 .debug_line    0x00000000000039e0      0xcb3 ./Drivers/STM32F4xx_HAL_Driver/Src/stm32f4xx_hal_cortex.o
 .debug_line    0x0000000000004693      0xba0 ./Drivers/STM32F4xx_HAL_Driver/Src/stm32f4xx_hal_gpio.o
 .debug_line    0x0000000000005233      0x92d ./Drivers/STM32F4xx_HAL_Driver/Src/stm32f4xx_hal_pwr_ex.o
 .debug_line    0x0000000000005b60      0xd7d ./Drivers/STM32F4xx_HAL_Driver/Src/stm32f4xx_hal_rcc.o
 .debug_line    0x00000000000068dd      0xe04 ./Drivers/STM32F4xx_HAL_Driver/Src/stm32f4xx_hal_sdram.o
 .debug_line    0x00000000000076e1      0xbc1 ./Drivers/STM32F4xx_HAL_Driver/Src/stm32f4xx_ll_fmc.o

.debug_str      0x0000000000000000    0xd77de
 .debug_str     0x0000000000000000    0xd2d69 ./Core/Src/main.o
                                      0xd30ac (size before relaxing)
 .debug_str     0x00000000000d2d69       0x55 ./Core/Src/stm32f4xx_hal_msp.o
                                      0xcf899 (size before relaxing)
 .debug_str     0x00000000000d2dbe       0xc9 ./Core/Src/stm32f4xx_it.o
                                      0xcf406 (size before relaxing)
 .debug_str     0x00000000000d2e87     0x2661 ./Core/Src/syscalls.o
                                       0x98b4 (size before relaxing)
 .debug_str     0x00000000000d54e8       0x6b ./Core/Src/sysmem.o
                                       0x606b (size before relaxing)
 .debug_str     0x00000000000d5553       0xdb ./Core/Src/system_stm32f4xx.o
                                      0xcf543 (size before relaxing)
 .debug_str     0x00000000000d562e       0x34 ./Core/Startup/startup_stm32f439zitx.o
                                         0x7d (size before relaxing)
 .debug_str     0x00000000000d5662      0xb9f ./Drivers/STM32F4xx_HAL_Driver/Src/stm32f4xx_hal.o
                                      0xd0170 (size before relaxing)
 .debug_str     0x00000000000d6201      0x34d ./Drivers/STM32F4xx_HAL_Driver/Src/stm32f4xx_hal_cortex.o
                                      0xcfe55 (size before relaxing)
 .debug_str     0x00000000000d654e      0x16d ./Drivers/STM32F4xx_HAL_Driver/Src/stm32f4xx_hal_gpio.o
                                      0xcf6be (size before relaxing)
 .debug_str     0x00000000000d66bb      0x135 ./Drivers/STM32F4xx_HAL_Driver/Src/stm32f4xx_hal_pwr_ex.o
                                      0xcf71b (size before relaxing)
 .debug_str     0x00000000000d67f0      0x233 ./Drivers/STM32F4xx_HAL_Driver/Src/stm32f4xx_hal_rcc.o
                                      0xcf977 (size before relaxing)
 .debug_str     0x00000000000d6a23      0x383 ./Drivers/STM32F4xx_HAL_Driver/Src/stm32f4xx_hal_sdram.o
                                      0xcfc63 (size before relaxing)
 .debug_str     0x00000000000d6da6      0xa38 ./Drivers/STM32F4xx_HAL_Driver/Src/stm32f4xx_ll_fmc.o
                                      0xd012d (size before relaxing)

.debug_frame    0x0000000000000000     0x245c
 .debug_frame   0x0000000000000000       0x9c ./Core/Src/main.o
 .debug_frame   0x000000000000009c       0x7c ./Core/Src/stm32f4xx_hal_msp.o
 .debug_frame   0x0000000000000118      0x104 ./Core/Src/stm32f4xx_it.o
 .debug_frame   0x000000000000021c      0x2ac ./Core/Src/syscalls.o
 .debug_frame   0x00000000000004c8       0x34 ./Core/Src/sysmem.o
 .debug_frame   0x00000000000004fc       0x58 ./Core/Src/system_stm32f4xx.o
 .debug_frame   0x0000000000000554      0x3b4 ./Drivers/STM32F4xx_HAL_Driver/Src/stm32f4xx_hal.o
 .debug_frame   0x0000000000000908      0x498 ./Drivers/STM32F4xx_HAL_Driver/Src/stm32f4xx_hal_cortex.o
 .debug_frame   0x0000000000000da0      0x14c ./Drivers/STM32F4xx_HAL_Driver/Src/stm32f4xx_hal_gpio.o
 .debug_frame   0x0000000000000eec      0x14c ./Drivers/STM32F4xx_HAL_Driver/Src/stm32f4xx_hal_pwr_ex.o
 .debug_frame   0x0000000000001038      0x1f4 ./Drivers/STM32F4xx_HAL_Driver/Src/stm32f4xx_hal_rcc.o
 .debug_frame   0x000000000000122c      0x3e8 ./Drivers/STM32F4xx_HAL_Driver/Src/stm32f4xx_hal_sdram.o
 .debug_frame   0x0000000000001614      0x440 ./Drivers/STM32F4xx_HAL_Driver/Src/stm32f4xx_ll_fmc.o
 .debug_frame   0x0000000000001a54       0x44 C:/STM32/STM32CubeIDE/STM32CubeIDE/plugins/com.st.stm32cube.ide.mcu.externaltools.gnu-tools-for-stm32.11.3.rel1.win32_1.1.0.202305231506/tools/bin/../lib/gcc/arm-none-eabi/11.3.1/../../../../arm-none-eabi/lib/thumb/v7e-m+fp/hard\libc_nano.a(libc_a-rand.o)
 .debug_frame   0x0000000000001a98      0x13c C:/STM32/STM32CubeIDE/STM32CubeIDE/plugins/com.st.stm32cube.ide.mcu.externaltools.gnu-tools-for-stm32.11.3.rel1.win32_1.1.0.202305231506/tools/bin/../lib/gcc/arm-none-eabi/11.3.1/../../../../arm-none-eabi/lib/thumb/v7e-m+fp/hard\libc_nano.a(libc_a-findfp.o)
 .debug_frame   0x0000000000001bd4       0x34 C:/STM32/STM32CubeIDE/STM32CubeIDE/plugins/com.st.stm32cube.ide.mcu.externaltools.gnu-tools-for-stm32.11.3.rel1.win32_1.1.0.202305231506/tools/bin/../lib/gcc/arm-none-eabi/11.3.1/../../../../arm-none-eabi/lib/thumb/v7e-m+fp/hard\libc_nano.a(libc_a-fwalk.o)
 .debug_frame   0x0000000000001c08       0x88 C:/STM32/STM32CubeIDE/STM32CubeIDE/plugins/com.st.stm32cube.ide.mcu.externaltools.gnu-tools-for-stm32.11.3.rel1.win32_1.1.0.202305231506/tools/bin/../lib/gcc/arm-none-eabi/11.3.1/../../../../arm-none-eabi/lib/thumb/v7e-m+fp/hard\libc_nano.a(libc_a-stdio.o)
 .debug_frame   0x0000000000001c90       0x20 C:/STM32/STM32CubeIDE/STM32CubeIDE/plugins/com.st.stm32cube.ide.mcu.externaltools.gnu-tools-for-stm32.11.3.rel1.win32_1.1.0.202305231506/tools/bin/../lib/gcc/arm-none-eabi/11.3.1/../../../../arm-none-eabi/lib/thumb/v7e-m+fp/hard\libc_nano.a(libc_a-memset.o)
 .debug_frame   0x0000000000001cb0       0x2c C:/STM32/STM32CubeIDE/STM32CubeIDE/plugins/com.st.stm32cube.ide.mcu.externaltools.gnu-tools-for-stm32.11.3.rel1.win32_1.1.0.202305231506/tools/bin/../lib/gcc/arm-none-eabi/11.3.1/../../../../arm-none-eabi/lib/thumb/v7e-m+fp/hard\libc_nano.a(libc_a-closer.o)
 .debug_frame   0x0000000000001cdc       0x38 C:/STM32/STM32CubeIDE/STM32CubeIDE/plugins/com.st.stm32cube.ide.mcu.externaltools.gnu-tools-for-stm32.11.3.rel1.win32_1.1.0.202305231506/tools/bin/../lib/gcc/arm-none-eabi/11.3.1/../../../../arm-none-eabi/lib/thumb/v7e-m+fp/hard\libc_nano.a(libc_a-reent.o)
 .debug_frame   0x0000000000001d14       0x2c C:/STM32/STM32CubeIDE/STM32CubeIDE/plugins/com.st.stm32cube.ide.mcu.externaltools.gnu-tools-for-stm32.11.3.rel1.win32_1.1.0.202305231506/tools/bin/../lib/gcc/arm-none-eabi/11.3.1/../../../../arm-none-eabi/lib/thumb/v7e-m+fp/hard\libc_nano.a(libc_a-lseekr.o)
 .debug_frame   0x0000000000001d40       0x2c C:/STM32/STM32CubeIDE/STM32CubeIDE/plugins/com.st.stm32cube.ide.mcu.externaltools.gnu-tools-for-stm32.11.3.rel1.win32_1.1.0.202305231506/tools/bin/../lib/gcc/arm-none-eabi/11.3.1/../../../../arm-none-eabi/lib/thumb/v7e-m+fp/hard\libc_nano.a(libc_a-readr.o)
 .debug_frame   0x0000000000001d6c       0x2c C:/STM32/STM32CubeIDE/STM32CubeIDE/plugins/com.st.stm32cube.ide.mcu.externaltools.gnu-tools-for-stm32.11.3.rel1.win32_1.1.0.202305231506/tools/bin/../lib/gcc/arm-none-eabi/11.3.1/../../../../arm-none-eabi/lib/thumb/v7e-m+fp/hard\libc_nano.a(libc_a-writer.o)
 .debug_frame   0x0000000000001d98       0x20 C:/STM32/STM32CubeIDE/STM32CubeIDE/plugins/com.st.stm32cube.ide.mcu.externaltools.gnu-tools-for-stm32.11.3.rel1.win32_1.1.0.202305231506/tools/bin/../lib/gcc/arm-none-eabi/11.3.1/../../../../arm-none-eabi/lib/thumb/v7e-m+fp/hard\libc_nano.a(libc_a-errno.o)
 .debug_frame   0x0000000000001db8       0x2c C:/STM32/STM32CubeIDE/STM32CubeIDE/plugins/com.st.stm32cube.ide.mcu.externaltools.gnu-tools-for-stm32.11.3.rel1.win32_1.1.0.202305231506/tools/bin/../lib/gcc/arm-none-eabi/11.3.1/../../../../arm-none-eabi/lib/thumb/v7e-m+fp/hard\libc_nano.a(libc_a-init.o)
 .debug_frame   0x0000000000001de4       0xb0 C:/STM32/STM32CubeIDE/STM32CubeIDE/plugins/com.st.stm32cube.ide.mcu.externaltools.gnu-tools-for-stm32.11.3.rel1.win32_1.1.0.202305231506/tools/bin/../lib/gcc/arm-none-eabi/11.3.1/../../../../arm-none-eabi/lib/thumb/v7e-m+fp/hard\libc_nano.a(libc_a-lock.o)
 .debug_frame   0x0000000000001e94       0x40 C:/STM32/STM32CubeIDE/STM32CubeIDE/plugins/com.st.stm32cube.ide.mcu.externaltools.gnu-tools-for-stm32.11.3.rel1.win32_1.1.0.202305231506/tools/bin/../lib/gcc/arm-none-eabi/11.3.1/../../../../arm-none-eabi/lib/thumb/v7e-m+fp/hard\libc_nano.a(libc_a-assert.o)
 .debug_frame   0x0000000000001ed4       0x38 C:/STM32/STM32CubeIDE/STM32CubeIDE/plugins/com.st.stm32cube.ide.mcu.externaltools.gnu-tools-for-stm32.11.3.rel1.win32_1.1.0.202305231506/tools/bin/../lib/gcc/arm-none-eabi/11.3.1/../../../../arm-none-eabi/lib/thumb/v7e-m+fp/hard\libc_nano.a(libc_a-freer.o)
 .debug_frame   0x0000000000001f0c       0x30 C:/STM32/STM32CubeIDE/STM32CubeIDE/plugins/com.st.stm32cube.ide.mcu.externaltools.gnu-tools-for-stm32.11.3.rel1.win32_1.1.0.202305231506/tools/bin/../lib/gcc/arm-none-eabi/11.3.1/../../../../arm-none-eabi/lib/thumb/v7e-m+fp/hard\libc_nano.a(libc_a-malloc.o)
 .debug_frame   0x0000000000001f3c       0x50 C:/STM32/STM32CubeIDE/STM32CubeIDE/plugins/com.st.stm32cube.ide.mcu.externaltools.gnu-tools-for-stm32.11.3.rel1.win32_1.1.0.202305231506/tools/bin/../lib/gcc/arm-none-eabi/11.3.1/../../../../arm-none-eabi/lib/thumb/v7e-m+fp/hard\libc_nano.a(libc_a-mallocr.o)
 .debug_frame   0x0000000000001f8c       0x30 C:/STM32/STM32CubeIDE/STM32CubeIDE/plugins/com.st.stm32cube.ide.mcu.externaltools.gnu-tools-for-stm32.11.3.rel1.win32_1.1.0.202305231506/tools/bin/../lib/gcc/arm-none-eabi/11.3.1/../../../../arm-none-eabi/lib/thumb/v7e-m+fp/hard\libc_nano.a(libc_a-mlock.o)
 .debug_frame   0x0000000000001fbc       0x5c C:/STM32/STM32CubeIDE/STM32CubeIDE/plugins/com.st.stm32cube.ide.mcu.externaltools.gnu-tools-for-stm32.11.3.rel1.win32_1.1.0.202305231506/tools/bin/../lib/gcc/arm-none-eabi/11.3.1/../../../../arm-none-eabi/lib/thumb/v7e-m+fp/hard\libc_nano.a(libc_a-fflush.o)
 .debug_frame   0x0000000000002018       0x64 C:/STM32/STM32CubeIDE/STM32CubeIDE/plugins/com.st.stm32cube.ide.mcu.externaltools.gnu-tools-for-stm32.11.3.rel1.win32_1.1.0.202305231506/tools/bin/../lib/gcc/arm-none-eabi/11.3.1/../../../../arm-none-eabi/lib/thumb/v7e-m+fp/hard\libc_nano.a(libc_a-fprintf.o)
 .debug_frame   0x000000000000207c       0x2c C:/STM32/STM32CubeIDE/STM32CubeIDE/plugins/com.st.stm32cube.ide.mcu.externaltools.gnu-tools-for-stm32.11.3.rel1.win32_1.1.0.202305231506/tools/bin/../lib/gcc/arm-none-eabi/11.3.1/../../../../arm-none-eabi/lib/thumb/v7e-m+fp/hard\libc_nano.a(libc_a-sbrkr.o)