Archive member included to satisfy reference by file (symbol)

C:/STM32/STM32CubeIDE/STM32CubeIDE/plugins/com.st.stm32cube.ide.mcu.externaltools.gnu-tools-for-stm32.11.3.rel1.win32_1.1.0.202305231506/tools/bin/../lib/gcc/arm-none-eabi/11.3.1/../../../../arm-none-eabi/lib/thumb/v7e-m+fp/hard\libc_nano.a(libc_a-exit.o)
                              C:/STM32/STM32CubeIDE/STM32CubeIDE/plugins/com.st.stm32cube.ide.mcu.externaltools.gnu-tools-for-stm32.11.3.rel1.win32_1.1.0.202305231506/tools/bin/../lib/gcc/arm-none-eabi/11.3.1/../../../../arm-none-eabi/lib/thumb/v7e-m+fp/hard/crt0.o (exit)
C:/STM32/STM32CubeIDE/STM32CubeIDE/plugins/com.st.stm32cube.ide.mcu.externaltools.gnu-tools-for-stm32.11.3.rel1.win32_1.1.0.202305231506/tools/bin/../lib/gcc/arm-none-eabi/11.3.1/../../../../arm-none-eabi/lib/thumb/v7e-m+fp/hard\libc_nano.a(libc_a-findfp.o)
                              C:/STM32/STM32CubeIDE/STM32CubeIDE/plugins/com.st.stm32cube.ide.mcu.externaltools.gnu-tools-for-stm32.11.3.rel1.win32_1.1.0.202305231506/tools/bin/../lib/gcc/arm-none-eabi/11.3.1/../../../../arm-none-eabi/lib/thumb/v7e-m+fp/hard\libc_nano.a(libc_a-exit.o) (__stdio_exit_handler)
C:/STM32/STM32CubeIDE/STM32CubeIDE/plugins/com.st.stm32cube.ide.mcu.externaltools.gnu-tools-for-stm32.11.3.rel1.win32_1.1.0.202305231506/tools/bin/../lib/gcc/arm-none-eabi/11.3.1/../../../../arm-none-eabi/lib/thumb/v7e-m+fp/hard\libc_nano.a(libc_a-fwalk.o)
                              C:/STM32/STM32CubeIDE/STM32CubeIDE/plugins/com.st.stm32cube.ide.mcu.externaltools.gnu-tools-for-stm32.11.3.rel1.win32_1.1.0.202305231506/tools/bin/../lib/gcc/arm-none-eabi/11.3.1/../../../../arm-none-eabi/lib/thumb/v7e-m+fp/hard\libc_nano.a(libc_a-findfp.o) (_fwalk_sglue)
C:/STM32/STM32CubeIDE/STM32CubeIDE/plugins/com.st.stm32cube.ide.mcu.externaltools.gnu-tools-for-stm32.11.3.rel1.win32_1.1.0.202305231506/tools/bin/../lib/gcc/arm-none-eabi/11.3.1/../../../../arm-none-eabi/lib/thumb/v7e-m+fp/hard\libc_nano.a(libc_a-stdio.o)
                              C:/STM32/STM32CubeIDE/STM32CubeIDE/plugins/com.st.stm32cube.ide.mcu.externaltools.gnu-tools-for-stm32.11.3.rel1.win32_1.1.0.202305231506/tools/bin/../lib/gcc/arm-none-eabi/11.3.1/../../../../arm-none-eabi/lib/thumb/v7e-m+fp/hard\libc_nano.a(libc_a-findfp.o) (__sread)
C:/STM32/STM32CubeIDE/STM32CubeIDE/plugins/com.st.stm32cube.ide.mcu.externaltools.gnu-tools-for-stm32.11.3.rel1.win32_1.1.0.202305231506/tools/bin/../lib/gcc/arm-none-eabi/11.3.1/../../../../arm-none-eabi/lib/thumb/v7e-m+fp/hard\libc_nano.a(libc_a-memset.o)
                              C:/STM32/STM32CubeIDE/STM32CubeIDE/plugins/com.st.stm32cube.ide.mcu.externaltools.gnu-tools-for-stm32.11.3.rel1.win32_1.1.0.202305231506/tools/bin/../lib/gcc/arm-none-eabi/11.3.1/../../../../arm-none-eabi/lib/thumb/v7e-m+fp/hard/crt0.o (memset)
C:/STM32/STM32CubeIDE/STM32CubeIDE/plugins/com.st.stm32cube.ide.mcu.externaltools.gnu-tools-for-stm32.11.3.rel1.win32_1.1.0.202305231506/tools/bin/../lib/gcc/arm-none-eabi/11.3.1/../../../../arm-none-eabi/lib/thumb/v7e-m+fp/hard\libc_nano.a(libc_a-closer.o)
                              C:/STM32/STM32CubeIDE/STM32CubeIDE/plugins/com.st.stm32cube.ide.mcu.externaltools.gnu-tools-for-stm32.11.3.rel1.win32_1.1.0.202305231506/tools/bin/../lib/gcc/arm-none-eabi/11.3.1/../../../../arm-none-eabi/lib/thumb/v7e-m+fp/hard\libc_nano.a(libc_a-stdio.o) (_close_r)
C:/STM32/STM32CubeIDE/STM32CubeIDE/plugins/com.st.stm32cube.ide.mcu.externaltools.gnu-tools-for-stm32.11.3.rel1.win32_1.1.0.202305231506/tools/bin/../lib/gcc/arm-none-eabi/11.3.1/../../../../arm-none-eabi/lib/thumb/v7e-m+fp/hard\libc_nano.a(libc_a-reent.o)
                              C:/STM32/STM32CubeIDE/STM32CubeIDE/plugins/com.st.stm32cube.ide.mcu.externaltools.gnu-tools-for-stm32.11.3.rel1.win32_1.1.0.202305231506/tools/bin/../lib/gcc/arm-none-eabi/11.3.1/../../../../arm-none-eabi/lib/thumb/v7e-m+fp/hard\libc_nano.a(libc_a-closer.o) (errno)
C:/STM32/STM32CubeIDE/STM32CubeIDE/plugins/com.st.stm32cube.ide.mcu.externaltools.gnu-tools-for-stm32.11.3.rel1.win32_1.1.0.202305231506/tools/bin/../lib/gcc/arm-none-eabi/11.3.1/../../../../arm-none-eabi/lib/thumb/v7e-m+fp/hard\libc_nano.a(libc_a-impure.o)
                              C:/STM32/STM32CubeIDE/STM32CubeIDE/plugins/com.st.stm32cube.ide.mcu.externaltools.gnu-tools-for-stm32.11.3.rel1.win32_1.1.0.202305231506/tools/bin/../lib/gcc/arm-none-eabi/11.3.1/../../../../arm-none-eabi/lib/thumb/v7e-m+fp/hard\libc_nano.a(libc_a-reent.o) (_impure_ptr)
C:/STM32/STM32CubeIDE/STM32CubeIDE/plugins/com.st.stm32cube.ide.mcu.externaltools.gnu-tools-for-stm32.11.3.rel1.win32_1.1.0.202305231506/tools/bin/../lib/gcc/arm-none-eabi/11.3.1/../../../../arm-none-eabi/lib/thumb/v7e-m+fp/hard\libc_nano.a(libc_a-lseekr.o)
[...]
Memory Configuration

Name             Origin             Length             Attributes
CCMRAM           0x0000000010000000 0x0000000000010000 xrw
RAM              0x0000000020000000 0x0000000000030000 xrw
FLASH            0x0000000008000000 0x0000000000200000 xr
*default*        0x0000000000000000 0xffffffffffffffff

Linker script and memory map

LOAD C:/STM32/STM32CubeIDE/STM32CubeIDE/plugins/com.st.stm32cube.ide.mcu.externaltools.gnu-tools-for-stm32.11.3.rel1.win32_1.1.0.202305231506/tools/bin/../lib/gcc/arm-none-eabi/11.3.1/thumb/v7e-m+fp/hard/crti.o
LOAD C:/STM32/STM32CubeIDE/STM32CubeIDE/plugins/com.st.stm32cube.ide.mcu.externaltools.gnu-tools-for-stm32.11.3.rel1.win32_1.1.0.202305231506/tools/bin/../lib/gcc/arm-none-eabi/11.3.1/thumb/v7e-m+fp/hard/crtbegin.o
LOAD C:/STM32/STM32CubeIDE/STM32CubeIDE/plugins/com.st.stm32cube.ide.mcu.externaltools.gnu-tools-for-stm32.11.3.rel1.win32_1.1.0.202305231506/tools/bin/../lib/gcc/arm-none-eabi/11.3.1/../../../../arm-none-eabi/lib/thumb/v7e-m+fp/hard/crt0.o
LOAD ./Core/Src/main.o
LOAD ./Core/Src/stm32f4xx_hal_msp.o
LOAD ./Core/Src/stm32f4xx_it.o
LOAD ./Core/Src/syscalls.o
LOAD ./Core/Src/sysmem.o
LOAD ./Core/Src/system_stm32f4xx.o
LOAD ./Core/Startup/startup_stm32f439zitx.o
LOAD ./Drivers/STM32F4xx_HAL_Driver/Src/stm32f4xx_hal.o
LOAD ./Drivers/STM32F4xx_HAL_Driver/Src/stm32f4xx_hal_cortex.o
LOAD ./Drivers/STM32F4xx_HAL_Driver/Src/stm32f4xx_hal_dma.o
LOAD ./Drivers/STM32F4xx_HAL_Driver/Src/stm32f4xx_hal_dma_ex.o
LOAD ./Drivers/STM32F4xx_HAL_Driver/Src/stm32f4xx_hal_exti.o
LOAD ./Drivers/STM32F4xx_HAL_Driver/Src/stm32f4xx_hal_flash.o
LOAD ./Drivers/STM32F4xx_HAL_Driver/Src/stm32f4xx_hal_flash_ex.o
LOAD ./Drivers/STM32F4xx_HAL_Driver/Src/stm32f4xx_hal_flash_ramfunc.o
LOAD ./Drivers/STM32F4xx_HAL_Driver/Src/stm32f4xx_hal_gpio.o
LOAD ./Drivers/STM32F4xx_HAL_Driver/Src/stm32f4xx_hal_pwr.o
LOAD ./Drivers/STM32F4xx_HAL_Driver/Src/stm32f4xx_hal_pwr_ex.o
LOAD ./Drivers/STM32F4xx_HAL_Driver/Src/stm32f4xx_hal_rcc.o
LOAD ./Drivers/STM32F4xx_HAL_Driver/Src/stm32f4xx_hal_rcc_ex.o
LOAD ./Drivers/STM32F4xx_HAL_Driver/Src/stm32f4xx_hal_sdram.o
LOAD ./Drivers/STM32F4xx_HAL_Driver/Src/stm32f4xx_hal_tim.o
LOAD ./Drivers/STM32F4xx_HAL_Driver/Src/stm32f4xx_hal_tim_ex.o
LOAD ./Drivers/STM32F4xx_HAL_Driver/Src/stm32f4xx_ll_fmc.o
START GROUP
LOAD C:/STM32/STM32CubeIDE/STM32CubeIDE/plugins/com.st.stm32cube.ide.mcu.externaltools.gnu-tools-for-stm32.11.3.rel1.win32_1.1.0.202305231506/tools/bin/../lib/gcc/arm-none-eabi/11.3.1/../../../../arm-none-eabi/lib/thumb/v7e-m+fp/hard\libc_nano.a
LOAD C:/STM32/STM32CubeIDE/STM32CubeIDE/plugins/com.st.stm32cube.ide.mcu.externaltools.gnu-tools-for-stm32.11.3.rel1.win32_1.1.0.202305231506/tools/bin/../lib/gcc/arm-none-eabi/11.3.1/../../../../arm-none-eabi/lib/thumb/v7e-m+fp/hard\libm.a
END GROUP
START GROUP
LOAD C:/STM32/STM32CubeIDE/STM32CubeIDE/plugins/com.st.stm32cube.ide.mcu.externaltools.gnu-tools-for-stm32.11.3.rel1.win32_1.1.0.202305231506/tools/bin/../lib/gcc/arm-none-eabi/11.3.1/thumb/v7e-m+fp/hard\libgcc.a
LOAD C:/STM32/STM32CubeIDE/STM32CubeIDE/plugins/com.st.stm32cube.ide.mcu.externaltools.gnu-tools-for-stm32.11.3.rel1.win32_1.1.0.202305231506/tools/bin/../lib/gcc/arm-none-eabi/11.3.1/../../../../arm-none-eabi/lib/thumb/v7e-m+fp/hard\libc_nano.a
END GROUP
START GROUP
LOAD C:/STM32/STM32CubeIDE/STM32CubeIDE/plugins/com.st.stm32cube.ide.mcu.externaltools.gnu-tools-for-stm32.11.3.rel1.win32_1.1.0.202305231506/tools/bin/../lib/gcc/arm-none-eabi/11.3.1/thumb/v7e-m+fp/hard\libgcc.a
LOAD C:/STM32/STM32CubeIDE/STM32CubeIDE/plugins/com.st.stm32cube.ide.mcu.externaltools.gnu-tools-for-stm32.11.3.rel1.win32_1.1.0.202305231506/tools/bin/../lib/gcc/arm-none-eabi/11.3.1/../../../../arm-none-eabi/lib/thumb/v7e-m+fp/hard\libc_nano.a
LOAD C:/STM32/STM32CubeIDE/STM32CubeIDE/plugins/com.st.stm32cube.ide.mcu.externaltools.gnu-tools-for-stm32.11.3.rel1.win32_1.1.0.202305231506/tools/bin/../lib/gcc/arm-none-eabi/11.3.1/../../../../arm-none-eabi/lib/thumb/v7e-m+fp/hard\libnosys.a
END GROUP
START GROUP
LOAD C:/STM32/STM32CubeIDE/STM32CubeIDE/plugins/com.st.stm32cube.ide.mcu.externaltools.gnu-tools-for-stm32.11.3.rel1.win32_1.1.0.202305231506/tools/bin/../lib/gcc/arm-none-eabi/11.3.1/thumb/v7e-m+fp/hard\libgcc.a
LOAD C:/STM32/STM32CubeIDE/STM32CubeIDE/plugins/com.st.stm32cube.ide.mcu.externaltools.gnu-tools-for-stm32.11.3.rel1.win32_1.1.0.202305231506/tools/bin/../lib/gcc/arm-none-eabi/11.3.1/../../../../arm-none-eabi/lib/thumb/v7e-m+fp/hard\libc_nano.a
LOAD C:/STM32/STM32CubeIDE/STM32CubeIDE/plugins/com.st.stm32cube.ide.mcu.externaltools.gnu-tools-for-stm32.11.3.rel1.win32_1.1.0.202305231506/tools/bin/../lib/gcc/arm-none-eabi/11.3.1/../../../../arm-none-eabi/lib/thumb/v7e-m+fp/hard\libnosys.a
END GROUP
LOAD C:/STM32/STM32CubeIDE/STM32CubeIDE/plugins/com.st.stm32cube.ide.mcu.externaltools.gnu-tools-for-stm32.11.3.rel1.win32_1.1.0.202305231506/tools/bin/../lib/gcc/arm-none-eabi/11.3.1/thumb/v7e-m+fp/hard/crtend.o
LOAD C:/STM32/STM32CubeIDE/STM32CubeIDE/plugins/com.st.stm32cube.ide.mcu.externaltools.gnu-tools-for-stm32.11.3.rel1.win32_1.1.0.202305231506/tools/bin/../lib/gcc/arm-none-eabi/11.3.1/thumb/v7e-m+fp/hard/crtn.o
                0x0000000020030000                _estack = (ORIGIN (RAM) + LENGTH (RAM))
                0x0000000000000200                _Min_Heap_Size = 0x200
                0x0000000000000400                _Min_Stack_Size = 0x400

.isr_vector     0x0000000008000000      0x1ac
                0x0000000008000000                . = ALIGN (0x4)
 *(.isr_vector)
 .isr_vector    0x0000000008000000      0x1ac ./Core/Startup/startup_stm32f439zitx.o
                0x0000000008000000                g_pfnVectors
                0x00000000080001ac                . = ALIGN (0x4)

.text           0x00000000080001ac     0x1d68
                0x00000000080001ac                . = ALIGN (0x4)
 *(.text)
 .text          0x00000000080001ac       0x40 C:/STM32/STM32CubeIDE/STM32CubeIDE/plugins/com.st.stm32cube.ide.mcu.externaltools.gnu-tools-for-stm32.11.3.rel1.win32_1.1.0.202305231506/tools/bin/../lib/gcc/arm-none-eabi/11.3.1/thumb/v7e-m+fp/hard/crtbegin.o
 .text          0x00000000080001ec       0x30 C:/STM32/STM32CubeIDE/STM32CubeIDE/plugins/com.st.stm32cube.ide.mcu.externaltools.gnu-tools-for-stm32.11.3.rel1.win32_1.1.0.202305231506/tools/bin/../lib/gcc/arm-none-eabi/11.3.1/thumb/v7e-m+fp/hard\libgcc.a(_aeabi_uldivmod.o)
                0x00000000080001ec                __aeabi_uldivmod
 .text          0x000000000800021c      0x2c8 C:/STM32/STM32CubeIDE/STM32CubeIDE/plugins/com.st.stm32cube.ide.mcu.externaltools.gnu-tools-for-stm32.11.3.rel1.win32_1.1.0.202305231506/tools/bin/../lib/gcc/arm-none-eabi/11.3.1/thumb/v7e-m+fp/hard\libgcc.a(_udivmoddi4.o)
                0x000000000800021c                __udivmoddi4
 .text          0x00000000080004e4        0x4 C:/STM32/STM32CubeIDE/STM32CubeIDE/plugins/com.st.stm32cube.ide.mcu.externaltools.gnu-tools-for-stm32.11.3.rel1.win32_1.1.0.202305231506/tools/bin/../lib/gcc/arm-none-eabi/11.3.1/thumb/v7e-m+fp/hard\libgcc.a(_dvmd_tls.o)
                0x00000000080004e4                __aeabi_idiv0
                0x00000000080004e4                __aeabi_ldiv0
 *(.text*)
 .text.main     0x00000000080004e8      0x164 ./Core/Src/main.o
                0x00000000080004e8                main
 .text.SystemClock_Config
                0x000000000800064c       0xe0 ./Core/Src/main.o
                0x000000000800064c                SystemClock_Config
 .text.MX_FMC_Init
                0x000000000800072c      0x130 ./Core/Src/main.o
 .text.MX_GPIO_Init
                0x000000000800085c       0xf8 ./Core/Src/main.o
 .text.Error_Handler
                0x0000000008000954        0xa ./Core/Src/main.o
                0x0000000008000954                Error_Handler
 *fill*         0x000000000800095e        0x2 
 .text.HAL_MspInit
                0x0000000008000960       0x50 ./Core/Src/stm32f4xx_hal_msp.o
                0x0000000008000960                HAL_MspInit
 .text.HAL_FMC_MspInit
                0x00000000080009b0      0x104 ./Core/Src/stm32f4xx_hal_msp.o
 .text.HAL_SDRAM_MspInit
                0x0000000008000ab4       0x14 ./Core/Src/stm32f4xx_hal_msp.o
                0x0000000008000ab4                HAL_SDRAM_MspInit
 .text.NMI_Handler
                0x0000000008000ac8        0x6 ./Core/Src/stm32f4xx_it.o
                0x0000000008000ac8                NMI_Handler
 .text.HardFault_Handler
                0x0000000008000ace        0x6 ./Core/Src/stm32f4xx_it.o
                0x0000000008000ace                HardFault_Handler
 .text.MemManage_Handler
                0x0000000008000ad4        0x6 ./Core/Src/stm32f4xx_it.o
                0x0000000008000ad4                MemManage_Handler
 .text.BusFault_Handler
                0x0000000008000ada        0x6 ./Core/Src/stm32f4xx_it.o
                0x0000000008000ada                BusFault_Handler
 .text.UsageFault_Handler
                0x0000000008000ae0        0x6 ./Core/Src/stm32f4xx_it.o
                0x0000000008000ae0                UsageFault_Handler
 .text.SVC_Handler
                0x0000000008000ae6        0xe ./Core/Src/stm32f4xx_it.o
                0x0000000008000ae6                SVC_Handler
 .text.DebugMon_Handler
                0x0000000008000af4        0xe ./Core/Src/stm32f4xx_it.o
                0x0000000008000af4                DebugMon_Handler
 .text.PendSV_Handler
                0x0000000008000b02        0xe ./Core/Src/stm32f4xx_it.o
                0x0000000008000b02                PendSV_Handler
 .text.SysTick_Handler
                0x0000000008000b10        0xc ./Core/Src/stm32f4xx_it.o
                0x0000000008000b10                SysTick_Handler
 .text.SystemInit
                0x0000000008000b1c       0x24 ./Core/Src/system_stm32f4xx.o
                0x0000000008000b1c                SystemInit
 .text.Reset_Handler
                0x0000000008000b40       0x50 ./Core/Startup/startup_stm32f439zitx.o
                0x0000000008000b40                Reset_Handler
 .text.Default_Handler
                0x0000000008000b90        0x2 ./Core/Startup/startup_stm32f439zitx.o
                0x0000000008000b90                RTC_Alarm_IRQHandler
                0x0000000008000b90                HASH_RNG_IRQHandler
                0x0000000008000b90                EXTI2_IRQHandler
                0x0000000008000b90                TIM8_CC_IRQHandler
                0x0000000008000b90                UART8_IRQHandler
                0x0000000008000b90                SPI4_IRQHandler
                0x0000000008000b90                TIM1_CC_IRQHandler
                0x0000000008000b90                DMA2_Stream5_IRQHandler
                0x0000000008000b90                DMA1_Stream5_IRQHandler
                0x0000000008000b90                PVD_IRQHandler
                0x0000000008000b90                SDIO_IRQHandler
                0x0000000008000b90                TAMP_STAMP_IRQHandler
                0x0000000008000b90                CAN2_RX1_IRQHandler
                0x0000000008000b90                EXTI3_IRQHandler
                0x0000000008000b90                TIM8_TRG_COM_TIM14_IRQHandler
                0x0000000008000b90                TIM1_UP_TIM10_IRQHandler
                0x0000000008000b90                TIM8_UP_TIM13_IRQHandler
                0x0000000008000b90                I2C3_ER_IRQHandler
                0x0000000008000b90                EXTI0_IRQHandler
                0x0000000008000b90                I2C2_EV_IRQHandler
                0x0000000008000b90                DMA1_Stream2_IRQHandler
                0x0000000008000b90                CAN1_RX0_IRQHandler
                0x0000000008000b90                FPU_IRQHandler
                0x0000000008000b90                OTG_HS_WKUP_IRQHandler
                0x0000000008000b90                LTDC_ER_IRQHandler
                0x0000000008000b90                CAN2_SCE_IRQHandler
                0x0000000008000b90                DMA2_Stream2_IRQHandler
                0x0000000008000b90                SPI1_IRQHandler
                0x0000000008000b90                TIM6_DAC_IRQHandler
                0x0000000008000b90                TIM1_BRK_TIM9_IRQHandler
                0x0000000008000b90                DCMI_IRQHandler
                0x0000000008000b90                CAN2_RX0_IRQHandler
                0x0000000008000b90                DMA2_Stream3_IRQHandler
                0x0000000008000b90                USART6_IRQHandler
                0x0000000008000b90                USART3_IRQHandler
                0x0000000008000b90                CRYP_IRQHandler
                0x0000000008000b90                CAN1_RX1_IRQHandler
                0x0000000008000b90                UART5_IRQHandler
                0x0000000008000b90                DMA2_Stream0_IRQHandler
                0x0000000008000b90                TIM4_IRQHandler
                0x0000000008000b90                I2C1_EV_IRQHandler
                0x0000000008000b90                DMA1_Stream6_IRQHandler
                0x0000000008000b90                DMA1_Stream1_IRQHandler
                0x0000000008000b90                UART4_IRQHandler
                0x0000000008000b90                TIM3_IRQHandler
                0x0000000008000b90                RCC_IRQHandler
                0x0000000008000b90                TIM8_BRK_TIM12_IRQHandler
                0x0000000008000b90                Default_Handler
                0x0000000008000b90                EXTI15_10_IRQHandler
                0x0000000008000b90                ADC_IRQHandler
                0x0000000008000b90                DMA1_Stream7_IRQHandler
                0x0000000008000b90                SPI5_IRQHandler
                0x0000000008000b90                TIM7_IRQHandler
                0x0000000008000b90                CAN2_TX_IRQHandler
                0x0000000008000b90                TIM5_IRQHandler
                0x0000000008000b90                DMA2_Stream7_IRQHandler
                0x0000000008000b90                I2C3_EV_IRQHandler
                0x0000000008000b90                EXTI9_5_IRQHandler
                0x0000000008000b90                RTC_WKUP_IRQHandler
                0x0000000008000b90                LTDC_IRQHandler
                0x0000000008000b90                ETH_WKUP_IRQHandler
                0x0000000008000b90                SPI2_IRQHandler
                0x0000000008000b90                OTG_HS_EP1_IN_IRQHandler
                0x0000000008000b90                DMA1_Stream0_IRQHandler
                0x0000000008000b90                CAN1_TX_IRQHandler
                0x0000000008000b90                EXTI4_IRQHandler
                0x0000000008000b90                ETH_IRQHandler
                0x0000000008000b90                OTG_HS_EP1_OUT_IRQHandler
                0x0000000008000b90                WWDG_IRQHandler
                0x0000000008000b90                SPI6_IRQHandler
                0x0000000008000b90                TIM2_IRQHandler
                0x0000000008000b90                OTG_FS_WKUP_IRQHandler
                0x0000000008000b90                TIM1_TRG_COM_TIM11_IRQHandler
                0x0000000008000b90                OTG_HS_IRQHandler
                0x0000000008000b90                DMA2D_IRQHandler
                0x0000000008000b90                EXTI1_IRQHandler
                0x0000000008000b90                UART7_IRQHandler
                0x0000000008000b90                USART2_IRQHandler
                0x0000000008000b90                I2C2_ER_IRQHandler
                0x0000000008000b90                DMA2_Stream1_IRQHandler
                0x0000000008000b90                CAN1_SCE_IRQHandler
                0x0000000008000b90                FLASH_IRQHandler
                0x0000000008000b90                DMA2_Stream4_IRQHandler
                0x0000000008000b90                USART1_IRQHandler
                0x0000000008000b90                OTG_FS_IRQHandler
                0x0000000008000b90                SPI3_IRQHandler
                0x0000000008000b90                DMA1_Stream4_IRQHandler
                0x0000000008000b90                I2C1_ER_IRQHandler
                0x0000000008000b90                FMC_IRQHandler
                0x0000000008000b90                DMA2_Stream6_IRQHandler
                0x0000000008000b90                SAI1_IRQHandler
                0x0000000008000b90                DMA1_Stream3_IRQHandler
 *fill*         0x0000000008000b92        0x2 
 .text.HAL_Init
                0x0000000008000b94       0x44 ./Drivers/STM32F4xx_HAL_Driver/Src/stm32f4xx_hal.o
                0x0000000008000b94                HAL_Init
 .text.HAL_InitTick
                0x0000000008000bd8       0x60 ./Drivers/STM32F4xx_HAL_Driver/Src/stm32f4xx_hal.o
                0x0000000008000bd8                HAL_InitTick
 .text.HAL_IncTick
                0x0000000008000c38       0x28 ./Drivers/STM32F4xx_HAL_Driver/Src/stm32f4xx_hal.o
                0x0000000008000c38                HAL_IncTick
 .text.HAL_GetTick
                0x0000000008000c60       0x18 ./Drivers/STM32F4xx_HAL_Driver/Src/stm32f4xx_hal.o
                0x0000000008000c60                HAL_GetTick
 .text.HAL_Delay
                0x0000000008000c78       0x48 ./Drivers/STM32F4xx_HAL_Driver/Src/stm32f4xx_hal.o
                0x0000000008000c78                HAL_Delay
 .text.__NVIC_SetPriorityGrouping
                0x0000000008000cc0       0x48 ./Drivers/STM32F4xx_HAL_Driver/Src/stm32f4xx_hal_cortex.o
 .text.__NVIC_GetPriorityGrouping
                0x0000000008000d08       0x1c ./Drivers/STM32F4xx_HAL_Driver/Src/stm32f4xx_hal_cortex.o
 .text.__NVIC_SetPriority
                0x0000000008000d24       0x54 ./Drivers/STM32F4xx_HAL_Driver/Src/stm32f4xx_hal_cortex.o
 .text.NVIC_EncodePriority
                0x0000000008000d78       0x66 ./Drivers/STM32F4xx_HAL_Driver/Src/stm32f4xx_hal_cortex.o
 *fill*         0x0000000008000dde        0x2 
 .text.SysTick_Config
                0x0000000008000de0       0x44 ./Drivers/STM32F4xx_HAL_Driver/Src/stm32f4xx_hal_cortex.o
 .text.HAL_NVIC_SetPriorityGrouping
                0x0000000008000e24       0x16 ./Drivers/STM32F4xx_HAL_Driver/Src/stm32f4xx_hal_cortex.o
                0x0000000008000e24                HAL_NVIC_SetPriorityGrouping
 .text.HAL_NVIC_SetPriority
                0x0000000008000e3a       0x38 ./Drivers/STM32F4xx_HAL_Driver/Src/stm32f4xx_hal_cortex.o
                0x0000000008000e3a                HAL_NVIC_SetPriority
 .text.HAL_SYSTICK_Config
                0x0000000008000e72       0x18 ./Drivers/STM32F4xx_HAL_Driver/Src/stm32f4xx_hal_cortex.o
                0x0000000008000e72                HAL_SYSTICK_Config
 *fill*         0x0000000008000e8a        0x2 
 .text.HAL_GPIO_Init
                0x0000000008000e8c      0x358 ./Drivers/STM32F4xx_HAL_Driver/Src/stm32f4xx_hal_gpio.o
                0x0000000008000e8c                HAL_GPIO_Init
 .text.HAL_PWREx_EnableOverDrive
                0x00000000080011e4       0xa0 ./Drivers/STM32F4xx_HAL_Driver/Src/stm32f4xx_hal_pwr_ex.o
                0x00000000080011e4                HAL_PWREx_EnableOverDrive
 .text.HAL_RCC_OscConfig
                0x0000000008001284      0x4f0 ./Drivers/STM32F4xx_HAL_Driver/Src/stm32f4xx_hal_rcc.o
                0x0000000008001284                HAL_RCC_OscConfig
 .text.HAL_RCC_ClockConfig
                0x0000000008001774      0x1cc ./Drivers/STM32F4xx_HAL_Driver/Src/stm32f4xx_hal_rcc.o
                0x0000000008001774                HAL_RCC_ClockConfig
 .text.HAL_RCC_GetSysClockFreq
                0x0000000008001940      0x20c ./Drivers/STM32F4xx_HAL_Driver/Src/stm32f4xx_hal_rcc.o
                0x0000000008001940                HAL_RCC_GetSysClockFreq
 .text.HAL_SDRAM_Init
                0x0000000008001b4c       0x68 ./Drivers/STM32F4xx_HAL_Driver/Src/stm32f4xx_hal_sdram.o
                0x0000000008001b4c                HAL_SDRAM_Init
 .text.HAL_SDRAM_SendCommand
                0x0000000008001bb4       0x6a ./Drivers/STM32F4xx_HAL_Driver/Src/stm32f4xx_hal_sdram.o
                0x0000000008001bb4                HAL_SDRAM_SendCommand
 .text.HAL_SDRAM_ProgramRefreshRate
                0x0000000008001c1e       0x50 ./Drivers/STM32F4xx_HAL_Driver/Src/stm32f4xx_hal_sdram.o
                0x0000000008001c1e                HAL_SDRAM_ProgramRefreshRate
 .text.FMC_SDRAM_Init
                0x0000000008001c6e       0xba ./Drivers/STM32F4xx_HAL_Driver/Src/stm32f4xx_ll_fmc.o
                0x0000000008001c6e                FMC_SDRAM_Init
 .text.FMC_SDRAM_Timing_Init
                0x0000000008001d28       0xd2 ./Drivers/STM32F4xx_HAL_Driver/Src/stm32f4xx_ll_fmc.o
                0x0000000008001d28                FMC_SDRAM_Timing_Init
 .text.FMC_SDRAM_SendCommand
                0x0000000008001dfa       0x7a ./Drivers/STM32F4xx_HAL_Driver/Src/stm32f4xx_ll_fmc.o
                0x0000000008001dfa                FMC_SDRAM_SendCommand
 .text.FMC_SDRAM_ProgramRefreshRate
                0x0000000008001e74       0x2e ./Drivers/STM32F4xx_HAL_Driver/Src/stm32f4xx_ll_fmc.o
                0x0000000008001e74                FMC_SDRAM_ProgramRefreshRate
 .text.memset   0x0000000008001ea2       0x10 C:/STM32/STM32CubeIDE/STM32CubeIDE/plugins/com.st.stm32cube.ide.mcu.externaltools.gnu-tools-for-stm32.11.3.rel1.win32_1.1.0.202305231506/tools/bin/../lib/gcc/arm-none-eabi/11.3.1/../../../../arm-none-eabi/lib/thumb/v7e-m+fp/hard\libc_nano.a(libc_a-memset.o)
                0x0000000008001ea2                memset
 *fill*         0x0000000008001eb2        0x2 
 .text.__libc_init_array
                0x0000000008001eb4       0x48 C:/STM32/STM32CubeIDE/STM32CubeIDE/plugins/com.st.stm32cube.ide.mcu.externaltools.gnu-tools-for-stm32.11.3.rel1.win32_1.1.0.202305231506/tools/bin/../lib/gcc/arm-none-eabi/11.3.1/../../../../arm-none-eabi/lib/thumb/v7e-m+fp/hard\libc_nano.a(libc_a-init.o)
                0x0000000008001eb4                __libc_init_array
 *(.glue_7)
 .glue_7        0x0000000008001efc        0x0 linker stubs
 *(.glue_7t)
 .glue_7t       0x0000000008001efc        0x0 linker stubs
 *(.eh_frame)
 .eh_frame      0x0000000008001efc        0x0 C:/STM32/STM32CubeIDE/STM32CubeIDE/plugins/com.st.stm32cube.ide.mcu.externaltools.gnu-tools-for-stm32.11.3.rel1.win32_1.1.0.202305231506/tools/bin/../lib/gcc/arm-none-eabi/11.3.1/thumb/v7e-m+fp/hard/crtbegin.o
 *(.init)
 .init          0x0000000008001efc        0x4 C:/STM32/STM32CubeIDE/STM32CubeIDE/plugins/com.st.stm32cube.ide.mcu.externaltools.gnu-tools-for-stm32.11.3.rel1.win32_1.1.0.202305231506/tools/bin/../lib/gcc/arm-none-eabi/11.3.1/thumb/v7e-m+fp/hard/crti.o
                0x0000000008001efc                _init
 .init          0x0000000008001f00        0x8 C:/STM32/STM32CubeIDE/STM32CubeIDE/plugins/com.st.stm32cube.ide.mcu.externaltools.gnu-tools-for-stm32.11.3.rel1.win32_1.1.0.202305231506/tools/bin/../lib/gcc/arm-none-eabi/11.3.1/thumb/v7e-m+fp/hard/crtn.o
 *(.fini)
 .fini          0x0000000008001f08        0x4 C:/STM32/STM32CubeIDE/STM32CubeIDE/plugins/com.st.stm32cube.ide.mcu.externaltools.gnu-tools-for-stm32.11.3.rel1.win32_1.1.0.202305231506/tools/bin/../lib/gcc/arm-none-eabi/11.3.1/thumb/v7e-m+fp/hard/crti.o
                0x0000000008001f08                _fini
 .fini          0x0000000008001f0c        0x8 C:/STM32/STM32CubeIDE/STM32CubeIDE/plugins/com.st.stm32cube.ide.mcu.externaltools.gnu-tools-for-stm32.11.3.rel1.win32_1.1.0.202305231506/tools/bin/../lib/gcc/arm-none-eabi/11.3.1/thumb/v7e-m+fp/hard/crtn.o
                0x0000000008001f14                . = ALIGN (0x4)
                0x0000000008001f14                _etext = .

.vfp11_veneer   0x0000000008001f14        0x0
 .vfp11_veneer  0x0000000008001f14        0x0 linker stubs

.v4_bx          0x0000000008001f14        0x0
 .v4_bx         0x0000000008001f14        0x0 linker stubs

.iplt           0x0000000008001f14        0x0
 .iplt          0x0000000008001f14        0x0 C:/STM32/STM32CubeIDE/STM32CubeIDE/plugins/com.st.stm32cube.ide.mcu.externaltools.gnu-tools-for-stm32.11.3.rel1.win32_1.1.0.202305231506/tools/bin/../lib/gcc/arm-none-eabi/11.3.1/thumb/v7e-m+fp/hard/crtbegin.o

.rodata         0x0000000008001f14       0x10
                0x0000000008001f14                . = ALIGN (0x4)
 *(.rodata)
 *(.rodata*)
 .rodata.AHBPrescTable
                0x0000000008001f14       0x10 ./Core/Src/system_stm32f4xx.o
                0x0000000008001f14                AHBPrescTable
                0x0000000008001f24                . = ALIGN (0x4)

.ARM.extab      0x0000000008001f24        0x0
                0x0000000008001f24                . = ALIGN (0x4)
 *(.ARM.extab* .gnu.linkonce.armextab.*)
                0x0000000008001f24                . = ALIGN (0x4)

.ARM            0x0000000008001f24        0x8
                0x0000000008001f24                . = ALIGN (0x4)
                0x0000000008001f24                __exidx_start = .
 *(.ARM.exidx*)
 .ARM.exidx     0x0000000008001f24        0x8 C:/STM32/STM32CubeIDE/STM32CubeIDE/plugins/com.st.stm32cube.ide.mcu.externaltools.gnu-tools-for-stm32.11.3.rel1.win32_1.1.0.202305231506/tools/bin/../lib/gcc/arm-none-eabi/11.3.1/thumb/v7e-m+fp/hard\libgcc.a(_udivmoddi4.o)
                0x0000000008001f2c                __exidx_end = .
                0x0000000008001f2c                . = ALIGN (0x4)

.rel.dyn        0x0000000008001f2c        0x0
 .rel.iplt      0x0000000008001f2c        0x0 C:/STM32/STM32CubeIDE/STM32CubeIDE/plugins/com.st.stm32cube.ide.mcu.externaltools.gnu-tools-for-stm32.11.3.rel1.win32_1.1.0.202305231506/tools/bin/../lib/gcc/arm-none-eabi/11.3.1/thumb/v7e-m+fp/hard/crtbegin.o

.preinit_array  0x0000000008001f2c        0x0
                0x0000000008001f2c                . = ALIGN (0x4)
                0x0000000008001f2c                PROVIDE (__preinit_array_start = .)
 *(.preinit_array*)
                0x0000000008001f2c                PROVIDE (__preinit_array_end = .)
                0x0000000008001f2c                . = ALIGN (0x4)

.init_array     0x0000000008001f2c        0x4
                0x0000000008001f2c                . = ALIGN (0x4)
                0x0000000008001f2c                PROVIDE (__init_array_start = .)
 *(SORT_BY_NAME(.init_array.*))
 *(.init_array*)
 .init_array    0x0000000008001f2c        0x4 C:/STM32/STM32CubeIDE/STM32CubeIDE/plugins/com.st.stm32cube.ide.mcu.externaltools.gnu-tools-for-stm32.11.3.rel1.win32_1.1.0.202305231506/tools/bin/../lib/gcc/arm-none-eabi/11.3.1/thumb/v7e-m+fp/hard/crtbegin.o
                0x0000000008001f30                PROVIDE (__init_array_end = .)
                0x0000000008001f30                . = ALIGN (0x4)

.fini_array     0x0000000008001f30        0x4
                0x0000000008001f30                . = ALIGN (0x4)
                [!provide]                        PROVIDE (__fini_array_start = .)
 *(SORT_BY_NAME(.fini_array.*))
 *(.fini_array*)
 .fini_array    0x0000000008001f30        0x4 C:/STM32/STM32CubeIDE/STM32CubeIDE/plugins/com.st.stm32cube.ide.mcu.externaltools.gnu-tools-for-stm32.11.3.rel1.win32_1.1.0.202305231506/tools/bin/../lib/gcc/arm-none-eabi/11.3.1/thumb/v7e-m+fp/hard/crtbegin.o
                [!provide]                        PROVIDE (__fini_array_end = .)
                0x0000000008001f34                . = ALIGN (0x4)
                0x0000000008001f34                _sidata = LOADADDR (.data)

.data           0x0000000020000000        0xc load address 0x0000000008001f34
                0x0000000020000000                . = ALIGN (0x4)
                0x0000000020000000                _sdata = .
 *(.data)
 *(.data*)
 .data.SystemCoreClock
                0x0000000020000000        0x4 ./Core/Src/system_stm32f4xx.o
                0x0000000020000000                SystemCoreClock
 .data.uwTickPrio
                0x0000000020000004        0x4 ./Drivers/STM32F4xx_HAL_Driver/Src/stm32f4xx_hal.o
                0x0000000020000004                uwTickPrio
 .data.uwTickFreq
                0x0000000020000008        0x1 ./Drivers/STM32F4xx_HAL_Driver/Src/stm32f4xx_hal.o
                0x0000000020000008                uwTickFreq
 *(.RamFunc)
 *(.RamFunc*)
                0x000000002000000c                . = ALIGN (0x4)
 *fill*         0x0000000020000009        0x3 
                0x000000002000000c                _edata = .
                0x0000000008001f40                _siccmram = LOADADDR (.ccmram)

.igot.plt       0x000000002000000c        0x0 load address 0x0000000008001f40
 .igot.plt      0x000000002000000c        0x0 C:/STM32/STM32CubeIDE/STM32CubeIDE/plugins/com.st.stm32cube.ide.mcu.externaltools.gnu-tools-for-stm32.11.3.rel1.win32_1.1.0.202305231506/tools/bin/../lib/gcc/arm-none-eabi/11.3.1/thumb/v7e-m+fp/hard/crtbegin.o

.ccmram         0x0000000010000000        0x0 load address 0x0000000008001f40
                0x0000000010000000                . = ALIGN (0x4)
                0x0000000010000000                _sccmram = .
 *(.ccmram)
 *(.ccmram*)
                0x0000000010000000                . = ALIGN (0x4)
                0x0000000010000000                _eccmram = .
                0x0000000010000000                . = ALIGN (0x4)

.bss            0x000000002000000c       0x58
                0x000000002000000c                _sbss = .
                0x000000002000000c                __bss_start__ = _sbss
 *(.bss)
 .bss           0x000000002000000c       0x1c C:/STM32/STM32CubeIDE/STM32CubeIDE/plugins/com.st.stm32cube.ide.mcu.externaltools.gnu-tools-for-stm32.11.3.rel1.win32_1.1.0.202305231506/tools/bin/../lib/gcc/arm-none-eabi/11.3.1/thumb/v7e-m+fp/hard/crtbegin.o
 *(.bss*)
 .bss.hsdram1   0x0000000020000028       0x34 ./Core/Src/main.o
                0x0000000020000028                hsdram1
 .bss.FMC_Initialized
                0x000000002000005c        0x4 ./Core/Src/stm32f4xx_hal_msp.o
 .bss.uwTick    0x0000000020000060        0x4 ./Drivers/STM32F4xx_HAL_Driver/Src/stm32f4xx_hal.o
                0x0000000020000060                uwTick
 *(COMMON)
                0x0000000020000064                . = ALIGN (0x4)
                0x0000000020000064                _ebss = .
                0x0000000020000064                __bss_end__ = _ebss

._user_heap_stack
                0x0000000020000064      0x604
                0x0000000020000068                . = ALIGN (0x8)
 *fill*         0x0000000020000064        0x4 
                [!provide]                        PROVIDE (end = .)
                0x0000000020000068                PROVIDE (_end = .)
                0x0000000020000268                . = (. + _Min_Heap_Size)
 *fill*         0x0000000020000068      0x200 
                0x0000000020000668                . = (. + _Min_Stack_Size)
 *fill*         0x0000000020000268      0x400 
                0x0000000020000668                . = ALIGN (0x8)

/DISCARD/
 libc.a(*)
 libm.a(*)
 libgcc.a(*)

.ARM.attributes
                0x0000000000000000       0x30
 *(.ARM.attributes)
 .ARM.attributes
                0x0000000000000000       0x1e C:/STM32/STM32CubeIDE/STM32CubeIDE/plugins/com.st.stm32cube.ide.mcu.externaltools.gnu-tools-for-stm32.11.3.rel1.win32_1.1.0.202305231506/tools/bin/../lib/gcc/arm-none-eabi/11.3.1/thumb/v7e-m+fp/hard/crti.o
 .ARM.attributes
                0x000000000000001e       0x34 C:/STM32/STM32CubeIDE/STM32CubeIDE/plugins/com.st.stm32cube.ide.mcu.externaltools.gnu-tools-for-stm32.11.3.rel1.win32_1.1.0.202305231506/tools/bin/../lib/gcc/arm-none-eabi/11.3.1/thumb/v7e-m+fp/hard/crtbegin.o
 .ARM.attributes
                0x0000000000000052       0x34 ./Core/Src/main.o
 .ARM.attributes
                0x0000000000000086       0x34 ./Core/Src/stm32f4xx_hal_msp.o
 .ARM.attributes
                0x00000000000000ba       0x34 ./Core/Src/stm32f4xx_it.o
 .ARM.attributes
                0x00000000000000ee       0x34 ./Core/Src/system_stm32f4xx.o
 .ARM.attributes
                0x0000000000000122       0x21 ./Core/Startup/startup_stm32f439zitx.o
 .ARM.attributes
                0x0000000000000143       0x34 ./Drivers/STM32F4xx_HAL_Driver/Src/stm32f4xx_hal.o
 .ARM.attributes
                0x0000000000000177       0x34 ./Drivers/STM32F4xx_HAL_Driver/Src/stm32f4xx_hal_cortex.o
 .ARM.attributes
                0x00000000000001ab       0x34 ./Drivers/STM32F4xx_HAL_Driver/Src/stm32f4xx_hal_gpio.o
 .ARM.attributes
                0x00000000000001df       0x34 ./Drivers/STM32F4xx_HAL_Driver/Src/stm32f4xx_hal_pwr_ex.o
 .ARM.attributes
                0x0000000000000213       0x34 ./Drivers/STM32F4xx_HAL_Driver/Src/stm32f4xx_hal_rcc.o
 .ARM.attributes
                0x0000000000000247       0x34 ./Drivers/STM32F4xx_HAL_Driver/Src/stm32f4xx_hal_sdram.o
 .ARM.attributes
                0x000000000000027b       0x34 ./Drivers/STM32F4xx_HAL_Driver/Src/stm32f4xx_ll_fmc.o
 .ARM.attributes
                0x00000000000002af       0x34 C:/STM32/STM32CubeIDE/STM32CubeIDE/plugins/com.st.stm32cube.ide.mcu.externaltools.gnu-tools-for-stm32.11.3.rel1.win32_1.1.0.202305231506/tools/bin/../lib/gcc/arm-none-eabi/11.3.1/../../../../arm-none-eabi/lib/thumb/v7e-m+fp/hard\libc_nano.a(libc_a-memset.o)
 .ARM.attributes
                0x00000000000002e3       0x34 C:/STM32/STM32CubeIDE/STM32CubeIDE/plugins/com.st.stm32cube.ide.mcu.externaltools.gnu-tools-for-stm32.11.3.rel1.win32_1.1.0.202305231506/tools/bin/../lib/gcc/arm-none-eabi/11.3.1/../../../../arm-none-eabi/lib/thumb/v7e-m+fp/hard\libc_nano.a(libc_a-init.o)
 .ARM.attributes
                0x0000000000000317       0x1e C:/STM32/STM32CubeIDE/STM32CubeIDE/plugins/com.st.stm32cube.ide.mcu.externaltools.gnu-tools-for-stm32.11.3.rel1.win32_1.1.0.202305231506/tools/bin/../lib/gcc/arm-none-eabi/11.3.1/thumb/v7e-m+fp/hard\libgcc.a(_aeabi_uldivmod.o)
 .ARM.attributes
                0x0000000000000335       0x34 C:/STM32/STM32CubeIDE/STM32CubeIDE/plugins/com.st.stm32cube.ide.mcu.externaltools.gnu-tools-for-stm32.11.3.rel1.win32_1.1.0.202305231506/tools/bin/../lib/gcc/arm-none-eabi/11.3.1/thumb/v7e-m+fp/hard\libgcc.a(_udivmoddi4.o)
 .ARM.attributes
                0x0000000000000369       0x1e C:/STM32/STM32CubeIDE/STM32CubeIDE/plugins/com.st.stm32cube.ide.mcu.externaltools.gnu-tools-for-stm32.11.3.rel1.win32_1.1.0.202305231506/tools/bin/../lib/gcc/arm-none-eabi/11.3.1/thumb/v7e-m+fp/hard\libgcc.a(_dvmd_tls.o)
 .ARM.attributes
                0x0000000000000387       0x1e C:/STM32/STM32CubeIDE/STM32CubeIDE/plugins/com.st.stm32cube.ide.mcu.externaltools.gnu-tools-for-stm32.11.3.rel1.win32_1.1.0.202305231506/tools/bin/../lib/gcc/arm-none-eabi/11.3.1/thumb/v7e-m+fp/hard/crtn.o
OUTPUT(020_SDRAM_MT48LC16M16A2-75.elf elf32-littlearm)
LOAD linker stubs
LOAD C:/STM32/STM32CubeIDE/STM32CubeIDE/plugins/com.st.stm32cube.ide.mcu.externaltools.gnu-tools-for-stm32.11.3.rel1.win32_1.1.0.202305231506/tools/bin/../lib/gcc/arm-none-eabi/11.3.1/../../../../arm-none-eabi/lib/thumb/v7e-m+fp/hard\libc.a
LOAD C:/STM32/STM32CubeIDE/STM32CubeIDE/plugins/com.st.stm32cube.ide.mcu.externaltools.gnu-tools-for-stm32.11.3.rel1.win32_1.1.0.202305231506/tools/bin/../lib/gcc/arm-none-eabi/11.3.1/../../../../arm-none-eabi/lib/thumb/v7e-m+fp/hard\libm.a
LOAD C:/STM32/STM32CubeIDE/STM32CubeIDE/plugins/com.st.stm32cube.ide.mcu.externaltools.gnu-tools-for-stm32.11.3.rel1.win32_1.1.0.202305231506/tools/bin/../lib/gcc/arm-none-eabi/11.3.1/thumb/v7e-m+fp/hard\libgcc.a

.comment        0x0000000000000000       0x43
 .comment       0x0000000000000000       0x43 C:/STM32/STM32CubeIDE/STM32CubeIDE/plugins/com.st.stm32cube.ide.mcu.externaltools.gnu-tools-for-stm32.11.3.rel1.win32_1.1.0.202305231506/tools/bin/../lib/gcc/arm-none-eabi/11.3.1/thumb/v7e-m+fp/hard/crtbegin.o
                                         0x44 (size before relaxing)
 .comment       0x0000000000000043       0x44 ./Core/Src/main.o
 .comment       0x0000000000000043       0x44 ./Core/Src/stm32f4xx_hal_msp.o
 .comment       0x0000000000000043       0x44 ./Core/Src/stm32f4xx_it.o
 .comment       0x0000000000000043       0x44 ./Core/Src/system_stm32f4xx.o
 .comment       0x0000000000000043       0x44 ./Drivers/STM32F4xx_HAL_Driver/Src/stm32f4xx_hal.o
 .comment       0x0000000000000043       0x44 ./Drivers/STM32F4xx_HAL_Driver/Src/stm32f4xx_hal_cortex.o
 .comment       0x0000000000000043       0x44 ./Drivers/STM32F4xx_HAL_Driver/Src/stm32f4xx_hal_gpio.o
 .comment       0x0000000000000043       0x44 ./Drivers/STM32F4xx_HAL_Driver/Src/stm32f4xx_hal_pwr_ex.o
 .comment       0x0000000000000043       0x44 ./Drivers/STM32F4xx_HAL_Driver/Src/stm32f4xx_hal_rcc.o
 .comment       0x0000000000000043       0x44 ./Drivers/STM32F4xx_HAL_Driver/Src/stm32f4xx_hal_sdram.o
 .comment       0x0000000000000043       0x44 ./Drivers/STM32F4xx_HAL_Driver/Src/stm32f4xx_ll_fmc.o

.debug_info     0x0000000000000000     0x6619
 .debug_info    0x0000000000000000      0xc88 ./Core/Src/main.o
 .debug_info    0x0000000000000c88      0x8de ./Core/Src/stm32f4xx_hal_msp.o
 .debug_info    0x0000000000001566      0x112 ./Core/Src/stm32f4xx_it.o
 .debug_info    0x0000000000001678      0x52e ./Core/Src/system_stm32f4xx.o
 .debug_info    0x0000000000001ba6       0x23 ./Core/Startup/startup_stm32f439zitx.o
 .debug_info    0x0000000000001bc9      0x9c4 ./Drivers/STM32F4xx_HAL_Driver/Src/stm32f4xx_hal.o
 .debug_info    0x000000000000258d      0xd82 ./Drivers/STM32F4xx_HAL_Driver/Src/stm32f4xx_hal_cortex.o
 .debug_info    0x000000000000330f      0x6db ./Drivers/STM32F4xx_HAL_Driver/Src/stm32f4xx_hal_gpio.o
 .debug_info    0x00000000000039ea      0x6be ./Drivers/STM32F4xx_HAL_Driver/Src/stm32f4xx_hal_pwr_ex.o
 .debug_info    0x00000000000040a8      0x8c9 ./Drivers/STM32F4xx_HAL_Driver/Src/stm32f4xx_hal_rcc.o
 .debug_info    0x0000000000004971      0xeaa ./Drivers/STM32F4xx_HAL_Driver/Src/stm32f4xx_hal_sdram.o
 .debug_info    0x000000000000581b      0xdfe ./Drivers/STM32F4xx_HAL_Driver/Src/stm32f4xx_ll_fmc.o

.debug_abbrev   0x0000000000000000     0x1585
 .debug_abbrev  0x0000000000000000      0x27c ./Core/Src/main.o
 .debug_abbrev  0x000000000000027c      0x1fa ./Core/Src/stm32f4xx_hal_msp.o
 .debug_abbrev  0x0000000000000476       0x73 ./Core/Src/stm32f4xx_it.o
 .debug_abbrev  0x00000000000004e9      0x11a ./Core/Src/system_stm32f4xx.o
 .debug_abbrev  0x0000000000000603       0x12 ./Core/Startup/startup_stm32f439zitx.o
 .debug_abbrev  0x0000000000000615      0x213 ./Drivers/STM32F4xx_HAL_Driver/Src/stm32f4xx_hal.o
 .debug_abbrev  0x0000000000000828      0x327 ./Drivers/STM32F4xx_HAL_Driver/Src/stm32f4xx_hal_cortex.o
 .debug_abbrev  0x0000000000000b4f      0x1d4 ./Drivers/STM32F4xx_HAL_Driver/Src/stm32f4xx_hal_gpio.o
 .debug_abbrev  0x0000000000000d23      0x1cf ./Drivers/STM32F4xx_HAL_Driver/Src/stm32f4xx_hal_pwr_ex.o
 .debug_abbrev  0x0000000000000ef2      0x2b6 ./Drivers/STM32F4xx_HAL_Driver/Src/stm32f4xx_hal_rcc.o
 .debug_abbrev  0x00000000000011a8      0x239 ./Drivers/STM32F4xx_HAL_Driver/Src/stm32f4xx_hal_sdram.o
 .debug_abbrev  0x00000000000013e1      0x1a4 ./Drivers/STM32F4xx_HAL_Driver/Src/stm32f4xx_ll_fmc.o

.debug_aranges  0x0000000000000000      0x660
 .debug_aranges
                0x0000000000000000       0x40 ./Core/Src/main.o
 .debug_aranges
                0x0000000000000040       0x40 ./Core/Src/stm32f4xx_hal_msp.o
 .debug_aranges
                0x0000000000000080       0x60 ./Core/Src/stm32f4xx_it.o
 .debug_aranges
                0x00000000000000e0       0x28 ./Core/Src/system_stm32f4xx.o
 .debug_aranges
                0x0000000000000108       0x28 ./Core/Startup/startup_stm32f439zitx.o
 .debug_aranges
                0x0000000000000130      0x100 ./Drivers/STM32F4xx_HAL_Driver/Src/stm32f4xx_hal.o
 .debug_aranges
                0x0000000000000230      0x118 ./Drivers/STM32F4xx_HAL_Driver/Src/stm32f4xx_hal_cortex.o
 .debug_aranges
                0x0000000000000348       0x58 ./Drivers/STM32F4xx_HAL_Driver/Src/stm32f4xx_hal_gpio.o
 .debug_aranges
                0x00000000000003a0       0x60 ./Drivers/STM32F4xx_HAL_Driver/Src/stm32f4xx_hal_pwr_ex.o
 .debug_aranges
                0x0000000000000400       0x88 ./Drivers/STM32F4xx_HAL_Driver/Src/stm32f4xx_hal_rcc.o
 .debug_aranges
                0x0000000000000488       0xe8 ./Drivers/STM32F4xx_HAL_Driver/Src/stm32f4xx_hal_sdram.o
 .debug_aranges
                0x0000000000000570       0xf0 ./Drivers/STM32F4xx_HAL_Driver/Src/stm32f4xx_ll_fmc.o

.debug_rnglists
                0x0000000000000000      0x4ac
 .debug_rnglists
                0x0000000000000000       0x2f ./Core/Src/main.o
 .debug_rnglists
                0x000000000000002f       0x2c ./Core/Src/stm32f4xx_hal_msp.o
 .debug_rnglists
                0x000000000000005b       0x43 ./Core/Src/stm32f4xx_it.o
 .debug_rnglists
                0x000000000000009e       0x1a ./Core/Src/system_stm32f4xx.o
 .debug_rnglists
                0x00000000000000b8       0x19 ./Core/Startup/startup_stm32f439zitx.o
 .debug_rnglists
                0x00000000000000d1       0xbb ./Drivers/STM32F4xx_HAL_Driver/Src/stm32f4xx_hal.o
 .debug_rnglists
                0x000000000000018c       0xce ./Drivers/STM32F4xx_HAL_Driver/Src/stm32f4xx_hal_cortex.o
 .debug_rnglists
                0x000000000000025a       0x3f ./Drivers/STM32F4xx_HAL_Driver/Src/stm32f4xx_hal_gpio.o
 .debug_rnglists
                0x0000000000000299       0x47 ./Drivers/STM32F4xx_HAL_Driver/Src/stm32f4xx_hal_pwr_ex.o
 .debug_rnglists
                0x00000000000002e0       0x66 ./Drivers/STM32F4xx_HAL_Driver/Src/stm32f4xx_hal_rcc.o
 .debug_rnglists
                0x0000000000000346       0xb1 ./Drivers/STM32F4xx_HAL_Driver/Src/stm32f4xx_hal_sdram.o
 .debug_rnglists
                0x00000000000003f7       0xb5 ./Drivers/STM32F4xx_HAL_Driver/Src/stm32f4xx_ll_fmc.o

.debug_macro    0x0000000000000000    0x227eb
 .debug_macro   0x0000000000000000      0x228 ./Core/Src/main.o
 .debug_macro   0x0000000000000228      0xaa8 ./Core/Src/main.o
 .debug_macro   0x0000000000000cd0      0x295 ./Core/Src/main.o
 .debug_macro   0x0000000000000f65       0x2e ./Core/Src/main.o
 .debug_macro   0x0000000000000f93       0x28 ./Core/Src/main.o
 .debug_macro   0x0000000000000fbb       0x22 ./Core/Src/main.o
 .debug_macro   0x0000000000000fdd       0x8e ./Core/Src/main.o
 .debug_macro   0x000000000000106b       0x51 ./Core/Src/main.o
 .debug_macro   0x00000000000010bc      0x103 ./Core/Src/main.o
 .debug_macro   0x00000000000011bf       0x6a ./Core/Src/main.o
 .debug_macro   0x0000000000001229      0x1df ./Core/Src/main.o
 .debug_macro   0x0000000000001408       0x1c ./Core/Src/main.o
 .debug_macro   0x0000000000001424       0x22 ./Core/Src/main.o
 .debug_macro   0x0000000000001446       0xd9 ./Core/Src/main.o
 .debug_macro   0x000000000000151f     0x102d ./Core/Src/main.o
 .debug_macro   0x000000000000254c      0x11f ./Core/Src/main.o
 .debug_macro   0x000000000000266b    0x1860a ./Core/Src/main.o
 .debug_macro   0x000000000001ac75       0x6d ./Core/Src/main.o
 .debug_macro   0x000000000001ace2     0x36f5 ./Core/Src/main.o
 .debug_macro   0x000000000001e3d7      0x174 ./Core/Src/main.o
 .debug_macro   0x000000000001e54b       0x5c ./Core/Src/main.o
 .debug_macro   0x000000000001e5a7      0xd15 ./Core/Src/main.o
 .debug_macro   0x000000000001f2bc      0x9fe ./Core/Src/main.o
 .debug_macro   0x000000000001fcba      0x115 ./Core/Src/main.o
 .debug_macro   0x000000000001fdcf      0x156 ./Core/Src/main.o
 .debug_macro   0x000000000001ff25       0xa5 ./Core/Src/main.o
 .debug_macro   0x000000000001ffca      0x182 ./Core/Src/main.o
 .debug_macro   0x000000000002014c      0x287 ./Core/Src/main.o
 .debug_macro   0x00000000000203d3       0x5f ./Core/Src/main.o
 .debug_macro   0x0000000000020432      0x236 ./Core/Src/main.o
 .debug_macro   0x0000000000020668      0x132 ./Core/Src/main.o
 .debug_macro   0x000000000002079a      0x41d ./Core/Src/main.o
 .debug_macro   0x0000000000020bb7       0x2e ./Core/Src/main.o
 .debug_macro   0x0000000000020be5      0x556 ./Core/Src/main.o
 .debug_macro   0x000000000002113b      0x11a ./Core/Src/main.o
 .debug_macro   0x0000000000021255       0xe2 ./Core/Src/main.o
 .debug_macro   0x0000000000021337       0x89 ./Core/Src/main.o
 .debug_macro   0x00000000000213c0      0x134 ./Core/Src/main.o
 .debug_macro   0x00000000000214f4      0x1d5 ./Core/Src/stm32f4xx_hal_msp.o
 .debug_macro   0x00000000000216c9      0x1df ./Core/Src/stm32f4xx_it.o
 .debug_macro   0x00000000000218a8      0x1cb ./Core/Src/system_stm32f4xx.o
 .debug_macro   0x0000000000021a73      0x22b ./Drivers/STM32F4xx_HAL_Driver/Src/stm32f4xx_hal.o
 .debug_macro   0x0000000000021c9e      0x1cb ./Drivers/STM32F4xx_HAL_Driver/Src/stm32f4xx_hal_cortex.o
 .debug_macro   0x0000000000021e69      0x1d1 ./Drivers/STM32F4xx_HAL_Driver/Src/stm32f4xx_hal_gpio.o
 .debug_macro   0x000000000002203a      0x1e3 ./Drivers/STM32F4xx_HAL_Driver/Src/stm32f4xx_hal_pwr_ex.o
 .debug_macro   0x000000000002221d      0x1ef ./Drivers/STM32F4xx_HAL_Driver/Src/stm32f4xx_hal_rcc.o
 .debug_macro   0x000000000002240c      0x1cb ./Drivers/STM32F4xx_HAL_Driver/Src/stm32f4xx_hal_sdram.o
 .debug_macro   0x00000000000225d7      0x214 ./Drivers/STM32F4xx_HAL_Driver/Src/stm32f4xx_ll_fmc.o

.debug_line     0x0000000000000000     0x740b
 .debug_line    0x0000000000000000      0x91c ./Core/Src/main.o
 .debug_line    0x000000000000091c      0x7fc ./Core/Src/stm32f4xx_hal_msp.o
 .debug_line    0x0000000000001118      0x7df ./Core/Src/stm32f4xx_it.o
 .debug_line    0x00000000000018f7      0x79e ./Core/Src/system_stm32f4xx.o
 .debug_line    0x0000000000002095       0x7a ./Core/Startup/startup_stm32f439zitx.o
 .debug_line    0x000000000000210f      0xa3a ./Drivers/STM32F4xx_HAL_Driver/Src/stm32f4xx_hal.o
 .debug_line    0x0000000000002b49      0xcb3 ./Drivers/STM32F4xx_HAL_Driver/Src/stm32f4xx_hal_cortex.o
 .debug_line    0x00000000000037fc      0xba0 ./Drivers/STM32F4xx_HAL_Driver/Src/stm32f4xx_hal_gpio.o
 .debug_line    0x000000000000439c      0x92d ./Drivers/STM32F4xx_HAL_Driver/Src/stm32f4xx_hal_pwr_ex.o
 .debug_line    0x0000000000004cc9      0xd7d ./Drivers/STM32F4xx_HAL_Driver/Src/stm32f4xx_hal_rcc.o
 .debug_line    0x0000000000005a46      0xe04 ./Drivers/STM32F4xx_HAL_Driver/Src/stm32f4xx_hal_sdram.o
 .debug_line    0x000000000000684a      0xbc1 ./Drivers/STM32F4xx_HAL_Driver/Src/stm32f4xx_ll_fmc.o

.debug_str      0x0000000000000000    0xd1f7a
 .debug_str     0x0000000000000000    0xcfb1d ./Core/Src/main.o
                                      0xcfe2b (size before relaxing)
 .debug_str     0x00000000000cfb1d      0x123 ./Core/Src/stm32f4xx_hal_msp.o
                                      0xcf989 (size before relaxing)
 .debug_str     0x00000000000cfc40       0xc9 ./Core/Src/stm32f4xx_it.o
                                      0xcf402 (size before relaxing)
 .debug_str     0x00000000000cfd09       0xdb ./Core/Src/system_stm32f4xx.o
                                      0xcf53f (size before relaxing)
 .debug_str     0x00000000000cfde4       0x34 ./Core/Startup/startup_stm32f439zitx.o
                                         0x79 (size before relaxing)
 .debug_str     0x00000000000cfe18      0xba4 ./Drivers/STM32F4xx_HAL_Driver/Src/stm32f4xx_hal.o
                                      0xd016c (size before relaxing)
 .debug_str     0x00000000000d09bc      0x34d ./Drivers/STM32F4xx_HAL_Driver/Src/stm32f4xx_hal_cortex.o
                                      0xcfe51 (size before relaxing)
 .debug_str     0x00000000000d0d09      0x15d ./Drivers/STM32F4xx_HAL_Driver/Src/stm32f4xx_hal_gpio.o
                                      0xcf6ba (size before relaxing)
 .debug_str     0x00000000000d0e66      0x135 ./Drivers/STM32F4xx_HAL_Driver/Src/stm32f4xx_hal_pwr_ex.o
                                      0xcf717 (size before relaxing)
 .debug_str     0x00000000000d0f9b      0x233 ./Drivers/STM32F4xx_HAL_Driver/Src/stm32f4xx_hal_rcc.o
                                      0xcf973 (size before relaxing)
 .debug_str     0x00000000000d11ce      0x374 ./Drivers/STM32F4xx_HAL_Driver/Src/stm32f4xx_hal_sdram.o
                                      0xcfc5f (size before relaxing)
 .debug_str     0x00000000000d1542      0xa38 ./Drivers/STM32F4xx_HAL_Driver/Src/stm32f4xx_ll_fmc.o
                                      0xd0129 (size before relaxing)

.debug_frame    0x0000000000000000     0x1880
 .debug_frame   0x0000000000000000       0xb8 ./Core/Src/main.o
 .debug_frame   0x00000000000000b8       0xc0 ./Core/Src/stm32f4xx_hal_msp.o
 .debug_frame   0x0000000000000178      0x104 ./Core/Src/stm32f4xx_it.o
 .debug_frame   0x000000000000027c       0x58 ./Core/Src/system_stm32f4xx.o
 .debug_frame   0x00000000000002d4      0x3b4 ./Drivers/STM32F4xx_HAL_Driver/Src/stm32f4xx_hal.o
 .debug_frame   0x0000000000000688      0x498 ./Drivers/STM32F4xx_HAL_Driver/Src/stm32f4xx_hal_cortex.o
 .debug_frame   0x0000000000000b20      0x14c ./Drivers/STM32F4xx_HAL_Driver/Src/stm32f4xx_hal_gpio.o
 .debug_frame   0x0000000000000c6c      0x14c ./Drivers/STM32F4xx_HAL_Driver/Src/stm32f4xx_hal_pwr_ex.o
 .debug_frame   0x0000000000000db8      0x1f4 ./Drivers/STM32F4xx_HAL_Driver/Src/stm32f4xx_hal_rcc.o
 .debug_frame   0x0000000000000fac      0x3e8 ./Drivers/STM32F4xx_HAL_Driver/Src/stm32f4xx_hal_sdram.o
 .debug_frame   0x0000000000001394      0x440 ./Drivers/STM32F4xx_HAL_Driver/Src/stm32f4xx_ll_fmc.o
 .debug_frame   0x00000000000017d4       0x20 C:/STM32/STM32CubeIDE/STM32CubeIDE/plugins/com.st.stm32cube.ide.mcu.externaltools.gnu-tools-for-stm32.11.3.rel1.win32_1.1.0.202305231506/tools/bin/../lib/gcc/arm-none-eabi/11.3.1/../../../../arm-none-eabi/lib/thumb/v7e-m+fp/hard\libc_nano.a(libc_a-memset.o)
 .debug_frame   0x00000000000017f4       0x2c C:/STM32/STM32CubeIDE/STM32CubeIDE/plugins/com.st.stm32cube.ide.mcu.externaltools.gnu-tools-for-stm32.11.3.rel1.win32_1.1.0.202305231506/tools/bin/../lib/gcc/arm-none-eabi/11.3.1/../../../../arm-none-eabi/lib/thumb/v7e-m+fp/hard\libc_nano.a(libc_a-init.o)
 .debug_frame   0x0000000000001820       0x2c C:/STM32/STM32CubeIDE/STM32CubeIDE/plugins/com.st.stm32cube.ide.mcu.externaltools.gnu-tools-for-stm32.11.3.rel1.win32_1.1.0.202305231506/tools/bin/../lib/gcc/arm-none-eabi/11.3.1/thumb/v7e-m+fp/hard\libgcc.a(_aeabi_uldivmod.o)
 .debug_frame   0x000000000000184c       0x34 C:/STM32/STM32CubeIDE/STM32CubeIDE/plugins/com.st.stm32cube.ide.mcu.externaltools.gnu-tools-for-stm32.11.3.rel1.win32_1.1.0.202305231506/tools/bin/../lib/gcc/arm-none-eabi/11.3.1/thumb/v7e-m+fp/hard\libgcc.a(_udivmoddi4.o)

.debug_line_str
                0x0000000000000000       0x6d
 .debug_line_str
                0x0000000000000000       0x6d ./Core/Startup/startup_stm32f439zitx.o
                                         0x85 (size before relaxing)
